../Core/Inc/FT81x.c:73:6:initFT81x	8	static,ignoring_inline_asm
../Core/Inc/FT81x.c:132:6:clear	16	static
../Core/Inc/FT81x.c:145:6:drawRect	24	static
../Core/Inc/FT81x.c:154:6:drawLine	24	static
../Core/Inc/FT81x.c:163:6:drawUnfilledRect	24	static
../Core/Inc/FT81x.c:214:6:drawText	32	static
../Core/Inc/FT81x.c:259:6:beginDisplayList	8	static
../Core/Inc/FT81x.c:265:6:swapScreen	8	static
../Core/Inc/FT81x.c:271:6:waitForCommandBuffer	16	static,ignoring_inline_asm
../Core/Inc/FT81x.c:278:6:increaseCmdWriteAddress	16	static
../Core/Inc/FT81x.c:282:13:updateCmdWriteAddress	8	static
../Core/Inc/FT81x.c:317:9:initBitmapHandleForFont	16	static
../Core/Inc/FT81x.c:327:6:dispCmd	16	static
../Core/Inc/FT81x.c:332:6:sendCommand	24	static
../Core/Inc/FT81x.c:340:9:read8	32	static
../Core/Inc/FT81x.c:357:10:read16	32	static
../Core/Inc/FT81x.c:375:10:read32	40	static
../Core/Inc/FT81x.c:397:6:write8	24	static
../Core/Inc/FT81x.c:411:6:write16	32	static
../Core/Inc/FT81x.c:425:6:write32	32	static
