../Core/Inc/ledUtil.c:29:6:writeLed	24	static
../Core/Inc/ledUtil.c:44:6:writeByte	16	static
../Core/Inc/ledUtil.c:56:6:writeBit	16	static
../Core/Inc/ledUtil.c:73:6:cycleBrightness	4	static
../Core/Inc/ledUtil.c:78:6:rpm6000	8	static
../Core/Inc/ledUtil.c:91:6:rpm6500	8	static
../Core/Inc/ledUtil.c:104:6:rpm7000	8	static
../Core/Inc/ledUtil.c:117:6:rpm7500	8	static
../Core/Inc/ledUtil.c:130:6:rpm8000	8	static
../Core/Inc/ledUtil.c:143:6:rpm8500	8	static
../Core/Inc/ledUtil.c:156:6:rpm9000	8	static
../Core/Inc/ledUtil.c:169:6:rpm9500	8	static
../Core/Inc/ledUtil.c:182:6:rpm10000	8	static
../Core/Inc/ledUtil.c:195:6:rpm10500	8	static
../Core/Inc/ledUtil.c:208:6:writeRed	8	static
../Core/Inc/ledUtil.c:221:6:writeGreen	8	static
../Core/Inc/ledUtil.c:234:6:writeBlue	8	static
../Core/Inc/ledUtil.c:247:6:writeOff	8	static
../Core/Inc/ledUtil.c:260:6:writeTime	16	static
../Core/Inc/ledUtil.c:274:6:startupLED	8	static
../Core/Inc/ledUtil.c:296:6:writeRpm	8	static
