../Core/Src/main.c:125:5:main	16	static
../Core/Src/main.c:249:13:MX_SPI5_Init	8	static
../Core/Src/main.c:297:13:MX_TIM5_Init	40	static
../Core/Src/main.c:342:13:MX_TIM7_Init	24	static
../Core/Src/main.c:380:13:MX_TIM13_Init	8	static
../Core/Src/main.c:411:13:MX_TIM17_Init	8	static
../Core/Src/main.c:443:13:MX_GPIO_Init	48	static
../Core/Src/main.c:500:6:HAL_GPIO_EXTI_Callback	16	static
../Core/Src/main.c:531:6:HAL_TIM_PeriodElapsedCallback	16	static
../Core/Src/main.c:592:6:delayMicro	16	static
../Core/Src/main.c:599:6:delayMilli	16	static
../Core/Src/main.c:604:10:getTime	4	static
../Core/Src/main.c:609:6:SPI_Transmit	16	static
../Core/Src/main.c:616:6:SPI_Receive	16	static
../Core/Src/main.c:623:6:SPI_Transmit_Receive	32	static
../Core/Src/main.c:637:6:Error_Handler	4	static,ignoring_inline_asm
