../Core/Src/main.c:165:6:HAL_FDCAN_RxFifo0Callback	16	static
../Core/Src/main.c:284:6:HAL_FDCAN_RxFifo1Callback	16	static
../Core/Src/main.c:353:5:main	24	static
../Core/Src/main.c:548:6:SystemClock_Config	128	static
../Core/Src/main.c:612:13:MX_FDCAN1_Init	48	static
../Core/Src/main.c:682:13:MX_FDCAN2_Init	48	static
../Core/Src/main.c:750:13:MX_SDMMC1_SD_Init	8	static
../Core/Src/main.c:795:13:MX_SPI1_Init	8	static
../Core/Src/main.c:843:13:MX_SPI4_Init	8	static
../Core/Src/main.c:891:13:MX_TIM2_Init	40	static
../Core/Src/main.c:936:13:MX_TIM6_Init	24	static
../Core/Src/main.c:974:13:MX_TIM14_Init	8	static
../Core/Src/main.c:1005:13:MX_TIM16_Init	8	static
../Core/Src/main.c:1037:13:MX_GPIO_Init	48	static
../Core/Src/main.c:1076:6:HAL_GPIO_EXTI_Callback	16	static
../Core/Src/main.c:1094:6:HAL_TIM_PeriodElapsedCallback	16	static
../Core/Src/main.c:1129:6:delayMicro	16	static
../Core/Src/main.c:1136:6:delayMilli	16	static
../Core/Src/main.c:1143:6:sdWrite	16	static
../Core/Src/main.c:1224:6:setCurrentFile	8	static
../Core/Src/main.c:1249:6:incrementFileNumber	4	static
../Core/Src/main.c:1270:6:adcInit	56	static
../Core/Src/main.c:1310:6:adcRead	32	static
../Core/Src/main.c:1522:6:toggleMap	8	static
../Core/Src/main.c:1553:6:toggleRadfan	8	static
../Core/Src/main.c:1584:6:dataFlag	8	static
../Core/Src/main.c:1618:13:xbeeTransmit	32	dynamic
../Core/Src/main.c:1644:15:frameCreator	32	static
../Core/Src/main.c:1666:6:Error_Handler	4	static,ignoring_inline_asm
