Archive member included to satisfy reference by file (symbol)

C:/ST/STM32CubeIDE_1.16.1/STM32CubeIDE/plugins/com.st.stm32cube.ide.mcu.externaltools.gnu-tools-for-stm32.12.3.rel1.win32_1.0.200.202406191623/tools/bin/../lib/gcc/arm-none-eabi/12.3.1/../../../../arm-none-eabi/lib/thumb/v7e-m+dp/hard\libc_nano.a(libc_a-atoi.o)
                              ./Core/Src/main.o (atoi)
C:/ST/STM32CubeIDE_1.16.1/STM32CubeIDE/plugins/com.st.stm32cube.ide.mcu.externaltools.gnu-tools-for-stm32.12.3.rel1.win32_1.0.200.202406191623/tools/bin/../lib/gcc/arm-none-eabi/12.3.1/../../../../arm-none-eabi/lib/thumb/v7e-m+dp/hard\libc_nano.a(libc_a-exit.o)
                              C:/ST/STM32CubeIDE_1.16.1/STM32CubeIDE/plugins/com.st.stm32cube.ide.mcu.externaltools.gnu-tools-for-stm32.12.3.rel1.win32_1.0.200.202406191623/tools/bin/../lib/gcc/arm-none-eabi/12.3.1/../../../../arm-none-eabi/lib/thumb/v7e-m+dp/hard/crt0.o (exit)
C:/ST/STM32CubeIDE_1.16.1/STM32CubeIDE/plugins/com.st.stm32cube.ide.mcu.externaltools.gnu-tools-for-stm32.12.3.rel1.win32_1.0.200.202406191623/tools/bin/../lib/gcc/arm-none-eabi/12.3.1/../../../../arm-none-eabi/lib/thumb/v7e-m+dp/hard\libc_nano.a(libc_a-strtol.o)
                              C:/ST/STM32CubeIDE_1.16.1/STM32CubeIDE/plugins/com.st.stm32cube.ide.mcu.externaltools.gnu-tools-for-stm32.12.3.rel1.win32_1.0.200.202406191623/tools/bin/../lib/gcc/arm-none-eabi/12.3.1/../../../../arm-none-eabi/lib/thumb/v7e-m+dp/hard\libc_nano.a(libc_a-atoi.o) (_strtol_r)
C:/ST/STM32CubeIDE_1.16.1/STM32CubeIDE/plugins/com.st.stm32cube.ide.mcu.externaltools.gnu-tools-for-stm32.12.3.rel1.win32_1.0.200.202406191623/tools/bin/../lib/gcc/arm-none-eabi/12.3.1/../../../../arm-none-eabi/lib/thumb/v7e-m+dp/hard\libc_nano.a(libc_a-ctype_.o)
                              C:/ST/STM32CubeIDE_1.16.1/STM32CubeIDE/plugins/com.st.stm32cube.ide.mcu.externaltools.gnu-tools-for-stm32.12.3.rel1.win32_1.0.200.202406191623/tools/bin/../lib/gcc/arm-none-eabi/12.3.1/../../../../arm-none-eabi/lib/thumb/v7e-m+dp/hard\libc_nano.a(libc_a-strtol.o) (_ctype_)
C:/ST/STM32CubeIDE_1.16.1/STM32CubeIDE/plugins/com.st.stm32cube.ide.mcu.externaltools.gnu-tools-for-stm32.12.3.rel1.win32_1.0.200.202406191623/tools/bin/../lib/gcc/arm-none-eabi/12.3.1/../../../../arm-none-eabi/lib/thumb/v7e-m+dp/hard\libc_nano.a(libc_a-nano-vfprintf_float.o)
                              (_printf_float)
C:/ST/STM32CubeIDE_1.16.1/STM32CubeIDE/plugins/com.st.stm32cube.ide.mcu.externaltools.gnu-tools-for-stm32.12.3.rel1.win32_1.0.200.202406191623/tools/bin/../lib/gcc/arm-none-eabi/12.3.1/../../../../arm-none-eabi/lib/thumb/v7e-m+dp/hard\libc_nano.a(libc_a-nano-vfprintf_i.o)
                              C:/ST/STM32CubeIDE_1.16.1/STM32CubeIDE/plugins/com.st.stm32cube.ide.mcu.externaltools.gnu-tools-for-stm32.12.3.rel1.win32_1.0.200.202406191623/tools/bin/../lib/gcc/arm-none-eabi/12.3.1/../../../../arm-none-eabi/lib/thumb/v7e-m+dp/hard\libc_nano.a(libc_a-nano-vfprintf_float.o) (_printf_common)
C:/ST/STM32CubeIDE_1.16.1/STM32CubeIDE/plugins/com.st.stm32cube.ide.mcu.externaltools.gnu-tools-for-stm32.12.3.rel1.win32_1.0.200.202406191623/tools/bin/../lib/gcc/arm-none-eabi/12.3.1/../../../../arm-none-eabi/lib/thumb/v7e-m+dp/hard\libc_nano.a(libc_a-findfp.o)
                              C:/ST/STM32CubeIDE_1.16.1/STM32CubeIDE/plugins/com.st.stm32cube.ide.mcu.externaltools.gnu-tools-for-stm32.12.3.rel1.win32_1.0.200.202406191623/tools/bin/../lib/gcc/arm-none-eabi/12.3.1/../../../../arm-none-eabi/lib/thumb/v7e-m+dp/hard\libc_nano.a(libc_a-exit.o) (__stdio_exit_handler)
C:/ST/STM32CubeIDE_1.16.1/STM32CubeIDE/plugins/com.st.stm32cube.ide.mcu.externaltools.gnu-tools-for-stm32.12.3.rel1.win32_1.0.200.202406191623/tools/bin/../lib/gcc/arm-none-eabi/12.3.1/../../../../arm-none-eabi/lib/thumb/v7e-m+dp/hard\libc_nano.a(libc_a-fwalk.o)
                              C:/ST/STM32CubeIDE_1.16.1/STM32CubeIDE/plugins/com.st.stm32cube.ide.mcu.externaltools.gnu-tools-for-stm32.12.3.rel1.win32_1.0.200.202406191623/tools/bin/../lib/gcc/arm-none-eabi/12.3.1/../../../../arm-none-eabi/lib/thumb/v7e-m+dp/hard\libc_nano.a(libc_a-findfp.o) (_fwalk_sglue)
C:/ST/STM32CubeIDE_1.16.1/STM32CubeIDE/plugins/com.st.stm32cube.ide.mcu.externaltools.gnu-tools-for-stm32.12.3.rel1.win32_1.0.200.202406191623/tools/bin/../lib/gcc/arm-none-eabi/12.3.1/../../../../arm-none-eabi/lib/thumb/v7e-m+dp/hard\libc_nano.a(libc_a-stdio.o)
                              C:/ST/STM32CubeIDE_1.16.1/STM32CubeIDE/plugins/com.st.stm32cube.ide.mcu.externaltools.gnu-tools-for-stm32.12.3.rel1.win32_1.0.200.202406191623/tools/bin/../lib/gcc/arm-none-eabi/12.3.1/../../../../arm-none-eabi/lib/thumb/v7e-m+dp/hard\libc_nano.a(libc_a-findfp.o) (__sread)
C:/ST/STM32CubeIDE_1.16.1/STM32CubeIDE/plugins/com.st.stm32cube.ide.mcu.externaltools.gnu-tools-for-stm32.12.3.rel1.win32_1.0.200.202406191623/tools/bin/../lib/gcc/arm-none-eabi/12.3.1/../../../../arm-none-eabi/lib/thumb/v7e-m+dp/hard\libc_nano.a(libc_a-memset.o)
[...]
Memory Configuration

Name             Origin             Length             Attributes
RAM_D1           0x24000000         0x00080000         xrw
FLASH            0x08000000         0x00080000         xr
DTCMRAM          0x20000000         0x00020000         xrw
RAM_D2           0x30000000         0x00048000         xrw
RAM_D3           0x38000000         0x00010000         xrw
ITCMRAM          0x00000000         0x00010000         xrw
*default*        0x00000000         0xffffffff

Linker script and memory map

LOAD C:/ST/STM32CubeIDE_1.16.1/STM32CubeIDE/plugins/com.st.stm32cube.ide.mcu.externaltools.gnu-tools-for-stm32.12.3.rel1.win32_1.0.200.202406191623/tools/bin/../lib/gcc/arm-none-eabi/12.3.1/thumb/v7e-m+dp/hard/crti.o
LOAD C:/ST/STM32CubeIDE_1.16.1/STM32CubeIDE/plugins/com.st.stm32cube.ide.mcu.externaltools.gnu-tools-for-stm32.12.3.rel1.win32_1.0.200.202406191623/tools/bin/../lib/gcc/arm-none-eabi/12.3.1/thumb/v7e-m+dp/hard/crtbegin.o
LOAD C:/ST/STM32CubeIDE_1.16.1/STM32CubeIDE/plugins/com.st.stm32cube.ide.mcu.externaltools.gnu-tools-for-stm32.12.3.rel1.win32_1.0.200.202406191623/tools/bin/../lib/gcc/arm-none-eabi/12.3.1/../../../../arm-none-eabi/lib/thumb/v7e-m+dp/hard/crt0.o
LOAD ./Common/Src/system_stm32h7xx_dualcore_boot_cm4_cm7.o
LOAD ./Core/Inc/FT81x.o
LOAD ./Core/Inc/display.o
LOAD ./Core/Inc/ledUtil.o
LOAD ./Core/Inc/xbee_platform_stm32.o
LOAD ./Core/Inc/xbee_serial_stm32.o
LOAD ./Core/Src/main.o
LOAD ./Core/Src/stm32h7xx_hal_msp.o
LOAD ./Core/Src/stm32h7xx_it.o
LOAD ./Core/Src/syscalls.o
LOAD ./Core/Src/sysmem.o
LOAD ./Core/Startup/startup_stm32h747igtx.o
LOAD ./Drivers/STM32H7xx_HAL_Driver/stm32h7xx_hal.o
LOAD ./Drivers/STM32H7xx_HAL_Driver/stm32h7xx_hal_cortex.o
LOAD ./Drivers/STM32H7xx_HAL_Driver/stm32h7xx_hal_dma.o
LOAD ./Drivers/STM32H7xx_HAL_Driver/stm32h7xx_hal_dma_ex.o
LOAD ./Drivers/STM32H7xx_HAL_Driver/stm32h7xx_hal_exti.o
LOAD ./Drivers/STM32H7xx_HAL_Driver/stm32h7xx_hal_fdcan.o
LOAD ./Drivers/STM32H7xx_HAL_Driver/stm32h7xx_hal_flash.o
LOAD ./Drivers/STM32H7xx_HAL_Driver/stm32h7xx_hal_flash_ex.o
LOAD ./Drivers/STM32H7xx_HAL_Driver/stm32h7xx_hal_gpio.o
LOAD ./Drivers/STM32H7xx_HAL_Driver/stm32h7xx_hal_hsem.o
LOAD ./Drivers/STM32H7xx_HAL_Driver/stm32h7xx_hal_i2c.o
LOAD ./Drivers/STM32H7xx_HAL_Driver/stm32h7xx_hal_i2c_ex.o
LOAD ./Drivers/STM32H7xx_HAL_Driver/stm32h7xx_hal_mdma.o
LOAD ./Drivers/STM32H7xx_HAL_Driver/stm32h7xx_hal_pwr.o
LOAD ./Drivers/STM32H7xx_HAL_Driver/stm32h7xx_hal_pwr_ex.o
LOAD ./Drivers/STM32H7xx_HAL_Driver/stm32h7xx_hal_rcc.o
LOAD ./Drivers/STM32H7xx_HAL_Driver/stm32h7xx_hal_rcc_ex.o
LOAD ./Drivers/STM32H7xx_HAL_Driver/stm32h7xx_hal_sd.o
LOAD ./Drivers/STM32H7xx_HAL_Driver/stm32h7xx_hal_sd_ex.o
LOAD ./Drivers/STM32H7xx_HAL_Driver/stm32h7xx_hal_spi.o
LOAD ./Drivers/STM32H7xx_HAL_Driver/stm32h7xx_hal_spi_ex.o
LOAD ./Drivers/STM32H7xx_HAL_Driver/stm32h7xx_hal_tim.o
LOAD ./Drivers/STM32H7xx_HAL_Driver/stm32h7xx_hal_tim_ex.o
LOAD ./Drivers/STM32H7xx_HAL_Driver/stm32h7xx_ll_delayblock.o
LOAD ./Drivers/STM32H7xx_HAL_Driver/stm32h7xx_ll_sdmmc.o
LOAD ./FATFS/App/fatfs.o
LOAD ./FATFS/Target/bsp_driver_sd.o
LOAD ./FATFS/Target/sd_diskio.o
LOAD ./Middlewares/Third_Party/FatFs/diskio.o
LOAD ./Middlewares/Third_Party/FatFs/ff.o
LOAD ./Middlewares/Third_Party/FatFs/ff_gen_drv.o
LOAD ./Middlewares/Third_Party/FatFs/syscall.o
START GROUP
LOAD C:/ST/STM32CubeIDE_1.16.1/STM32CubeIDE/plugins/com.st.stm32cube.ide.mcu.externaltools.gnu-tools-for-stm32.12.3.rel1.win32_1.0.200.202406191623/tools/bin/../lib/gcc/arm-none-eabi/12.3.1/../../../../arm-none-eabi/lib/thumb/v7e-m+dp/hard\libc_nano.a
LOAD C:/ST/STM32CubeIDE_1.16.1/STM32CubeIDE/plugins/com.st.stm32cube.ide.mcu.externaltools.gnu-tools-for-stm32.12.3.rel1.win32_1.0.200.202406191623/tools/bin/../lib/gcc/arm-none-eabi/12.3.1/../../../../arm-none-eabi/lib/thumb/v7e-m+dp/hard\libm.a
END GROUP
START GROUP
LOAD C:/ST/STM32CubeIDE_1.16.1/STM32CubeIDE/plugins/com.st.stm32cube.ide.mcu.externaltools.gnu-tools-for-stm32.12.3.rel1.win32_1.0.200.202406191623/tools/bin/../lib/gcc/arm-none-eabi/12.3.1/thumb/v7e-m+dp/hard\libgcc.a
LOAD C:/ST/STM32CubeIDE_1.16.1/STM32CubeIDE/plugins/com.st.stm32cube.ide.mcu.externaltools.gnu-tools-for-stm32.12.3.rel1.win32_1.0.200.202406191623/tools/bin/../lib/gcc/arm-none-eabi/12.3.1/../../../../arm-none-eabi/lib/thumb/v7e-m+dp/hard\libc_nano.a
END GROUP
START GROUP
LOAD C:/ST/STM32CubeIDE_1.16.1/STM32CubeIDE/plugins/com.st.stm32cube.ide.mcu.externaltools.gnu-tools-for-stm32.12.3.rel1.win32_1.0.200.202406191623/tools/bin/../lib/gcc/arm-none-eabi/12.3.1/thumb/v7e-m+dp/hard\libgcc.a
LOAD C:/ST/STM32CubeIDE_1.16.1/STM32CubeIDE/plugins/com.st.stm32cube.ide.mcu.externaltools.gnu-tools-for-stm32.12.3.rel1.win32_1.0.200.202406191623/tools/bin/../lib/gcc/arm-none-eabi/12.3.1/../../../../arm-none-eabi/lib/thumb/v7e-m+dp/hard\libc_nano.a
LOAD C:/ST/STM32CubeIDE_1.16.1/STM32CubeIDE/plugins/com.st.stm32cube.ide.mcu.externaltools.gnu-tools-for-stm32.12.3.rel1.win32_1.0.200.202406191623/tools/bin/../lib/gcc/arm-none-eabi/12.3.1/../../../../arm-none-eabi/lib/thumb/v7e-m+dp/hard\libnosys.a
END GROUP
START GROUP
LOAD C:/ST/STM32CubeIDE_1.16.1/STM32CubeIDE/plugins/com.st.stm32cube.ide.mcu.externaltools.gnu-tools-for-stm32.12.3.rel1.win32_1.0.200.202406191623/tools/bin/../lib/gcc/arm-none-eabi/12.3.1/thumb/v7e-m+dp/hard\libgcc.a
LOAD C:/ST/STM32CubeIDE_1.16.1/STM32CubeIDE/plugins/com.st.stm32cube.ide.mcu.externaltools.gnu-tools-for-stm32.12.3.rel1.win32_1.0.200.202406191623/tools/bin/../lib/gcc/arm-none-eabi/12.3.1/../../../../arm-none-eabi/lib/thumb/v7e-m+dp/hard\libc_nano.a
LOAD C:/ST/STM32CubeIDE_1.16.1/STM32CubeIDE/plugins/com.st.stm32cube.ide.mcu.externaltools.gnu-tools-for-stm32.12.3.rel1.win32_1.0.200.202406191623/tools/bin/../lib/gcc/arm-none-eabi/12.3.1/../../../../arm-none-eabi/lib/thumb/v7e-m+dp/hard\libnosys.a
END GROUP
LOAD C:/ST/STM32CubeIDE_1.16.1/STM32CubeIDE/plugins/com.st.stm32cube.ide.mcu.externaltools.gnu-tools-for-stm32.12.3.rel1.win32_1.0.200.202406191623/tools/bin/../lib/gcc/arm-none-eabi/12.3.1/thumb/v7e-m+dp/hard/crtend.o
LOAD C:/ST/STM32CubeIDE_1.16.1/STM32CubeIDE/plugins/com.st.stm32cube.ide.mcu.externaltools.gnu-tools-for-stm32.12.3.rel1.win32_1.0.200.202406191623/tools/bin/../lib/gcc/arm-none-eabi/12.3.1/thumb/v7e-m+dp/hard/crtn.o
                0x24080000                        _estack = (ORIGIN (RAM_D1) + LENGTH (RAM_D1))
                0x00000400                        _Min_Heap_Size = 0x400
                0x00000800                        _Min_Stack_Size = 0x800

.isr_vector     0x08000000      0x298
                0x08000000                        . = ALIGN (0x4)
 *(.isr_vector)
 .isr_vector    0x08000000      0x298 ./Core/Startup/startup_stm32h747igtx.o
                0x08000000                g_pfnVectors
                0x08000298                        . = ALIGN (0x4)

.text           0x080002a0    0x10c00
                0x080002a0                        . = ALIGN (0x4)
 *(.text)
 .text          0x080002a0       0x40 C:/ST/STM32CubeIDE_1.16.1/STM32CubeIDE/plugins/com.st.stm32cube.ide.mcu.externaltools.gnu-tools-for-stm32.12.3.rel1.win32_1.0.200.202406191623/tools/bin/../lib/gcc/arm-none-eabi/12.3.1/thumb/v7e-m+dp/hard/crtbegin.o
 .text          0x080002e0       0xa0 C:/ST/STM32CubeIDE_1.16.1/STM32CubeIDE/plugins/com.st.stm32cube.ide.mcu.externaltools.gnu-tools-for-stm32.12.3.rel1.win32_1.0.200.202406191623/tools/bin/../lib/gcc/arm-none-eabi/12.3.1/../../../../arm-none-eabi/lib/thumb/v7e-m+dp/hard\libc_nano.a(libc_a-memchr.o)
                0x080002e0                memchr
 .text          0x08000380       0x10 C:/ST/STM32CubeIDE_1.16.1/STM32CubeIDE/plugins/com.st.stm32cube.ide.mcu.externaltools.gnu-tools-for-stm32.12.3.rel1.win32_1.0.200.202406191623/tools/bin/../lib/gcc/arm-none-eabi/12.3.1/../../../../arm-none-eabi/lib/thumb/v7e-m+dp/hard\libc_nano.a(libc_a-strlen.o)
                0x08000380                strlen
 *(.text*)
 .text.SystemInit
                0x08000390      0x12c ./Common/Src/system_stm32h7xx_dualcore_boot_cm4_cm7.o
                0x08000390                SystemInit
 .text.cycleBrightness
                0x080004bc       0x2c ./Core/Inc/ledUtil.o
                0x080004bc                cycleBrightness
 .text.HAL_FDCAN_RxFifo0Callback
                0x080004e8      0x38c ./Core/Src/main.o
                0x080004e8                HAL_FDCAN_RxFifo0Callback
 .text.HAL_FDCAN_RxFifo1Callback
                0x08000874      0x1e8 ./Core/Src/main.o
                0x08000874                HAL_FDCAN_RxFifo1Callback
 .text.main     0x08000a5c      0x29c ./Core/Src/main.o
                0x08000a5c                main
 .text.SystemClock_Config
                0x08000cf8      0x15c ./Core/Src/main.o
                0x08000cf8                SystemClock_Config
 .text.MX_FDCAN1_Init
                0x08000e54      0x114 ./Core/Src/main.o
 .text.MX_FDCAN2_Init
                0x08000f68      0x114 ./Core/Src/main.o
 .text.MX_SDMMC1_SD_Init
                0x0800107c       0x98 ./Core/Src/main.o
 .text.MX_SPI1_Init
                0x08001114       0xac ./Core/Src/main.o
 .text.MX_SPI4_Init
                0x080011c0       0xac ./Core/Src/main.o
 .text.MX_TIM2_Init
                0x0800126c       0x9c ./Core/Src/main.o
 .text.MX_TIM6_Init
                0x08001308       0x6c ./Core/Src/main.o
 .text.MX_TIM14_Init
                0x08001374       0x48 ./Core/Src/main.o
 .text.MX_TIM16_Init
                0x080013bc       0x4c ./Core/Src/main.o
 .text.MX_GPIO_Init
                0x08001408      0x114 ./Core/Src/main.o
 .text.HAL_GPIO_EXTI_Callback
                0x0800151c       0x74 ./Core/Src/main.o
                0x0800151c                HAL_GPIO_EXTI_Callback
 .text.HAL_TIM_PeriodElapsedCallback
                0x08001590       0x84 ./Core/Src/main.o
                0x08001590                HAL_TIM_PeriodElapsedCallback
 .text.delayMicro
                0x08001614       0x30 ./Core/Src/main.o
                0x08001614                delayMicro
 .text.sdWrite  0x08001644       0xd4 ./Core/Src/main.o
                0x08001644                sdWrite
 .text.setCurrentFile
                0x08001718       0x6c ./Core/Src/main.o
                0x08001718                setCurrentFile
 .text.incrementFileNumber
                0x08001784       0x74 ./Core/Src/main.o
                0x08001784                incrementFileNumber
 .text.adcInit  0x080017f8       0xb8 ./Core/Src/main.o
                0x080017f8                adcInit
 .text.adcRead  0x080018b0      0x528 ./Core/Src/main.o
                0x080018b0                adcRead
 .text.toggleMap
                0x08001dd8       0xa8 ./Core/Src/main.o
                0x08001dd8                toggleMap
 .text.dataFlag
                0x08001e80      0x130 ./Core/Src/main.o
                0x08001e80                dataFlag
 .text.xbeeTransmit
                0x08001fb0      0x19c ./Core/Src/main.o
 .text.frameCreator
                0x0800214c       0xb8 ./Core/Src/main.o
 .text.Error_Handler
                0x08002204        0xc ./Core/Src/main.o
                0x08002204                Error_Handler
 .text.HAL_MspInit
                0x08002210       0x34 ./Core/Src/stm32h7xx_hal_msp.o
                0x08002210                HAL_MspInit
 .text.HAL_FDCAN_MspInit
                0x08002244      0x1c0 ./Core/Src/stm32h7xx_hal_msp.o
                0x08002244                HAL_FDCAN_MspInit
 .text.HAL_SD_MspInit
                0x08002404      0x12c ./Core/Src/stm32h7xx_hal_msp.o
                0x08002404                HAL_SD_MspInit
 .text.HAL_SPI_MspInit
                0x08002530      0x170 ./Core/Src/stm32h7xx_hal_msp.o
                0x08002530                HAL_SPI_MspInit
 .text.HAL_TIM_Base_MspInit
                0x080026a0       0xe8 ./Core/Src/stm32h7xx_hal_msp.o
                0x080026a0                HAL_TIM_Base_MspInit
 .text.NMI_Handler
                0x08002788        0x8 ./Core/Src/stm32h7xx_it.o
                0x08002788                NMI_Handler
 .text.HardFault_Handler
                0x08002790        0x8 ./Core/Src/stm32h7xx_it.o
                0x08002790                HardFault_Handler
 .text.MemManage_Handler
                0x08002798        0x8 ./Core/Src/stm32h7xx_it.o
                0x08002798                MemManage_Handler
 .text.BusFault_Handler
                0x080027a0        0x8 ./Core/Src/stm32h7xx_it.o
                0x080027a0                BusFault_Handler
 .text.UsageFault_Handler
                0x080027a8        0x8 ./Core/Src/stm32h7xx_it.o
                0x080027a8                UsageFault_Handler
 .text.SVC_Handler
                0x080027b0        0xe ./Core/Src/stm32h7xx_it.o
                0x080027b0                SVC_Handler
 .text.DebugMon_Handler
                0x080027be        0xe ./Core/Src/stm32h7xx_it.o
                0x080027be                DebugMon_Handler
 .text.PendSV_Handler
                0x080027cc        0xe ./Core/Src/stm32h7xx_it.o
                0x080027cc                PendSV_Handler
 .text.SysTick_Handler
                0x080027da        0xc ./Core/Src/stm32h7xx_it.o
                0x080027da                SysTick_Handler
 .text.EXTI1_IRQHandler
                0x080027e6        0xe ./Core/Src/stm32h7xx_it.o
                0x080027e6                EXTI1_IRQHandler
 .text.FDCAN1_IT0_IRQHandler
                0x080027f4       0x14 ./Core/Src/stm32h7xx_it.o
                0x080027f4                FDCAN1_IT0_IRQHandler
 .text.FDCAN2_IT0_IRQHandler
                0x08002808       0x14 ./Core/Src/stm32h7xx_it.o
                0x08002808                FDCAN2_IT0_IRQHandler
 .text.TIM8_TRG_COM_TIM14_IRQHandler
                0x0800281c       0x14 ./Core/Src/stm32h7xx_it.o
                0x0800281c                TIM8_TRG_COM_TIM14_IRQHandler
 .text.SDMMC1_IRQHandler
                0x08002830       0x14 ./Core/Src/stm32h7xx_it.o
                0x08002830                SDMMC1_IRQHandler
 .text.TIM16_IRQHandler
                0x08002844       0x14 ./Core/Src/stm32h7xx_it.o
                0x08002844                TIM16_IRQHandler
 .text._getpid  0x08002858       0x10 ./Core/Src/syscalls.o
                0x08002858                _getpid
 .text._kill    0x08002868       0x20 ./Core/Src/syscalls.o
                0x08002868                _kill
 .text._exit    0x08002888       0x16 ./Core/Src/syscalls.o
                0x08002888                _exit
 .text._read    0x0800289e       0x3a ./Core/Src/syscalls.o
                0x0800289e                _read
 .text._write   0x080028d8       0x38 ./Core/Src/syscalls.o
                0x080028d8                _write
 .text._close   0x08002910       0x18 ./Core/Src/syscalls.o
                0x08002910                _close
 .text._fstat   0x08002928       0x20 ./Core/Src/syscalls.o
                0x08002928                _fstat
 .text._isatty  0x08002948       0x16 ./Core/Src/syscalls.o
                0x08002948                _isatty
 .text._lseek   0x0800295e       0x1a ./Core/Src/syscalls.o
                0x0800295e                _lseek
 .text._sbrk    0x08002978       0x6c ./Core/Src/sysmem.o
                0x08002978                _sbrk
 .text.Reset_Handler
                0x080029e4       0x50 ./Core/Startup/startup_stm32h747igtx.o
                0x080029e4                Reset_Handler
 .text.Default_Handler
                0x08002a34        0x2 ./Core/Startup/startup_stm32h747igtx.o
                0x08002a34                RTC_Alarm_IRQHandler
                0x08002a34                EXTI2_IRQHandler
                0x08002a34                TIM8_CC_IRQHandler
                0x08002a34                HRTIM1_Master_IRQHandler
                0x08002a34                UART8_IRQHandler
                0x08002a34                SPI4_IRQHandler
                0x08002a34                TIM1_CC_IRQHandler
                0x08002a34                BDMA_Channel6_IRQHandler
                0x08002a34                DMA2_Stream5_IRQHandler
                0x08002a34                HRTIM1_FLT_IRQHandler
                0x08002a34                JPEG_IRQHandler
                0x08002a34                DMA1_Stream5_IRQHandler
                0x08002a34                BDMA_Channel1_IRQHandler
                0x08002a34                HRTIM1_TIMD_IRQHandler
                0x08002a34                TAMP_STAMP_IRQHandler
                0x08002a34                EXTI3_IRQHandler
                0x08002a34                LPTIM4_IRQHandler
                0x08002a34                LPTIM2_IRQHandler
                0x08002a34                DFSDM1_FLT1_IRQHandler
                0x08002a34                DMAMUX2_OVR_IRQHandler
                0x08002a34                TIM8_UP_TIM13_IRQHandler
                0x08002a34                I2C3_ER_IRQHandler
                0x08002a34                DFSDM1_FLT2_IRQHandler
                0x08002a34                MDMA_IRQHandler
                0x08002a34                LPTIM3_IRQHandler
                0x08002a34                HSEM1_IRQHandler
                0x08002a34                EXTI0_IRQHandler
                0x08002a34                I2C2_EV_IRQHandler
                0x08002a34                DMA1_Stream2_IRQHandler
                0x08002a34                FPU_IRQHandler
                0x08002a34                OTG_HS_WKUP_IRQHandler
                0x08002a34                FDCAN1_IT1_IRQHandler
                0x08002a34                LTDC_ER_IRQHandler
                0x08002a34                DMA2_Stream2_IRQHandler
                0x08002a34                HRTIM1_TIME_IRQHandler
                0x08002a34                SPI1_IRQHandler
                0x08002a34                TIM6_DAC_IRQHandler
                0x08002a34                DCMI_IRQHandler
                0x08002a34                HRTIM1_TIMC_IRQHandler
                0x08002a34                DMA2_Stream3_IRQHandler
                0x08002a34                SAI2_IRQHandler
                0x08002a34                DFSDM1_FLT3_IRQHandler
                0x08002a34                USART6_IRQHandler
                0x08002a34                TIM17_IRQHandler
                0x08002a34                USART3_IRQHandler
                0x08002a34                BDMA_Channel7_IRQHandler
                0x08002a34                LPTIM5_IRQHandler
                0x08002a34                UART5_IRQHandler
                0x08002a34                ADC3_IRQHandler
                0x08002a34                DMA2_Stream0_IRQHandler
                0x08002a34                TIM4_IRQHandler
                0x08002a34                BDMA_Channel2_IRQHandler
                0x08002a34                QUADSPI_IRQHandler
                0x08002a34                I2C1_EV_IRQHandler
                0x08002a34                DMA1_Stream6_IRQHandler
                0x08002a34                DMAMUX1_OVR_IRQHandler
                0x08002a34                DMA1_Stream1_IRQHandler
                0x08002a34                UART4_IRQHandler
                0x08002a34                BDMA_Channel5_IRQHandler
                0x08002a34                TIM3_IRQHandler
                0x08002a34                RCC_IRQHandler
                0x08002a34                TIM8_BRK_TIM12_IRQHandler
                0x08002a34                TIM1_TRG_COM_IRQHandler
                0x08002a34                Default_Handler
                0x08002a34                ECC_IRQHandler
                0x08002a34                CEC_IRQHandler
                0x08002a34                EXTI15_10_IRQHandler
                0x08002a34                BDMA_Channel0_IRQHandler
                0x08002a34                ADC_IRQHandler
                0x08002a34                DMA1_Stream7_IRQHandler
                0x08002a34                HRTIM1_TIMA_IRQHandler
                0x08002a34                SPI5_IRQHandler
                0x08002a34                TIM7_IRQHandler
                0x08002a34                TIM5_IRQHandler
                0x08002a34                DMA2_Stream7_IRQHandler
                0x08002a34                TIM15_IRQHandler
                0x08002a34                PVD_AVD_IRQHandler
                0x08002a34                I2C3_EV_IRQHandler
                0x08002a34                EXTI9_5_IRQHandler
                0x08002a34                RTC_WKUP_IRQHandler
                0x08002a34                LTDC_IRQHandler
                0x08002a34                SAI3_IRQHandler
                0x08002a34                ETH_WKUP_IRQHandler
                0x08002a34                SPDIF_RX_IRQHandler
                0x08002a34                SPI2_IRQHandler
                0x08002a34                OTG_HS_EP1_IN_IRQHandler
                0x08002a34                DMA1_Stream0_IRQHandler
                0x08002a34                CRS_IRQHandler
                0x08002a34                CM7_SEV_IRQHandler
                0x08002a34                EXTI4_IRQHandler
                0x08002a34                RNG_IRQHandler
                0x08002a34                CM4_SEV_IRQHandler
                0x08002a34                HRTIM1_TIMB_IRQHandler
                0x08002a34                FDCAN2_IT1_IRQHandler
                0x08002a34                DSI_IRQHandler
                0x08002a34                ETH_IRQHandler
                0x08002a34                TIM1_UP_IRQHandler
                0x08002a34                WWDG_RST_IRQHandler
                0x08002a34                BDMA_Channel4_IRQHandler
                0x08002a34                OTG_HS_EP1_OUT_IRQHandler
                0x08002a34                WWDG_IRQHandler
                0x08002a34                SPI6_IRQHandler
                0x08002a34                MDIOS_IRQHandler
                0x08002a34                I2C4_EV_IRQHandler
                0x08002a34                LPUART1_IRQHandler
                0x08002a34                TIM2_IRQHandler
                0x08002a34                OTG_FS_WKUP_IRQHandler
                0x08002a34                OTG_HS_IRQHandler
                0x08002a34                HSEM2_IRQHandler
                0x08002a34                DMA2D_IRQHandler
                0x08002a34                TIM1_BRK_IRQHandler
                0x08002a34                SDMMC2_IRQHandler
                0x08002a34                OTG_FS_EP1_OUT_IRQHandler
                0x08002a34                BDMA_Channel3_IRQHandler
                0x08002a34                HOLD_CORE_IRQHandler
                0x08002a34                UART7_IRQHandler
                0x08002a34                MDIOS_WKUP_IRQHandler
                0x08002a34                USART2_IRQHandler
                0x08002a34                DFSDM1_FLT0_IRQHandler
                0x08002a34                SAI4_IRQHandler
                0x08002a34                I2C2_ER_IRQHandler
                0x08002a34                DMA2_Stream1_IRQHandler
                0x08002a34                FLASH_IRQHandler
                0x08002a34                DMA2_Stream4_IRQHandler
                0x08002a34                USART1_IRQHandler
                0x08002a34                OTG_FS_IRQHandler
                0x08002a34                SPI3_IRQHandler
                0x08002a34                WAKEUP_PIN_IRQHandler
                0x08002a34                DMA1_Stream4_IRQHandler
                0x08002a34                OTG_FS_EP1_IN_IRQHandler
                0x08002a34                I2C1_ER_IRQHandler
                0x08002a34                FMC_IRQHandler
                0x08002a34                FDCAN_CAL_IRQHandler
                0x08002a34                SWPMI1_IRQHandler
                0x08002a34                COMP1_IRQHandler
                0x08002a34                LPTIM1_IRQHandler
                0x08002a34                I2C4_ER_IRQHandler
                0x08002a34                DMA2_Stream6_IRQHandler
                0x08002a34                SAI1_IRQHandler
                0x08002a34                DMA1_Stream3_IRQHandler
 *fill*         0x08002a36        0x2 
 .text.HAL_Init
                0x08002a38       0x78 ./Drivers/STM32H7xx_HAL_Driver/stm32h7xx_hal.o
                0x08002a38                HAL_Init
 .text.HAL_InitTick
                0x08002ab0       0x6c ./Drivers/STM32H7xx_HAL_Driver/stm32h7xx_hal.o
                0x08002ab0                HAL_InitTick
 .text.HAL_IncTick
                0x08002b1c       0x28 ./Drivers/STM32H7xx_HAL_Driver/stm32h7xx_hal.o
                0x08002b1c                HAL_IncTick
 .text.HAL_GetTick
                0x08002b44       0x18 ./Drivers/STM32H7xx_HAL_Driver/stm32h7xx_hal.o
                0x08002b44                HAL_GetTick
 .text.HAL_Delay
                0x08002b5c       0x48 ./Drivers/STM32H7xx_HAL_Driver/stm32h7xx_hal.o
                0x08002b5c                HAL_Delay
 .text.HAL_GetREVID
                0x08002ba4       0x18 ./Drivers/STM32H7xx_HAL_Driver/stm32h7xx_hal.o
                0x08002ba4                HAL_GetREVID
 .text.__NVIC_SetPriorityGrouping
                0x08002bbc       0x48 ./Drivers/STM32H7xx_HAL_Driver/stm32h7xx_hal_cortex.o
 .text.__NVIC_GetPriorityGrouping
                0x08002c04       0x1c ./Drivers/STM32H7xx_HAL_Driver/stm32h7xx_hal_cortex.o
 .text.__NVIC_EnableIRQ
                0x08002c20       0x3c ./Drivers/STM32H7xx_HAL_Driver/stm32h7xx_hal_cortex.o
 .text.__NVIC_SetPriority
                0x08002c5c       0x54 ./Drivers/STM32H7xx_HAL_Driver/stm32h7xx_hal_cortex.o
 .text.NVIC_EncodePriority
                0x08002cb0       0x66 ./Drivers/STM32H7xx_HAL_Driver/stm32h7xx_hal_cortex.o
 *fill*         0x08002d16        0x2 
 .text.SysTick_Config
                0x08002d18       0x44 ./Drivers/STM32H7xx_HAL_Driver/stm32h7xx_hal_cortex.o
 .text.HAL_NVIC_SetPriorityGrouping
                0x08002d5c       0x16 ./Drivers/STM32H7xx_HAL_Driver/stm32h7xx_hal_cortex.o
                0x08002d5c                HAL_NVIC_SetPriorityGrouping
 .text.HAL_NVIC_SetPriority
                0x08002d72       0x34 ./Drivers/STM32H7xx_HAL_Driver/stm32h7xx_hal_cortex.o
                0x08002d72                HAL_NVIC_SetPriority
 .text.HAL_NVIC_EnableIRQ
                0x08002da6       0x1c ./Drivers/STM32H7xx_HAL_Driver/stm32h7xx_hal_cortex.o
                0x08002da6                HAL_NVIC_EnableIRQ
 .text.HAL_SYSTICK_Config
                0x08002dc2       0x18 ./Drivers/STM32H7xx_HAL_Driver/stm32h7xx_hal_cortex.o
                0x08002dc2                HAL_SYSTICK_Config
 *fill*         0x08002dda        0x2 
 .text.HAL_FDCAN_Init
                0x08002ddc      0x3bc ./Drivers/STM32H7xx_HAL_Driver/stm32h7xx_hal_fdcan.o
                0x08002ddc                HAL_FDCAN_Init
 .text.HAL_FDCAN_ConfigFilter
                0x08003198       0xec ./Drivers/STM32H7xx_HAL_Driver/stm32h7xx_hal_fdcan.o
                0x08003198                HAL_FDCAN_ConfigFilter
 .text.HAL_FDCAN_ConfigGlobalFilter
                0x08003284       0x5a ./Drivers/STM32H7xx_HAL_Driver/stm32h7xx_hal_fdcan.o
                0x08003284                HAL_FDCAN_ConfigGlobalFilter
 .text.HAL_FDCAN_Start
                0x080032de       0x56 ./Drivers/STM32H7xx_HAL_Driver/stm32h7xx_hal_fdcan.o
                0x080032de                HAL_FDCAN_Start
 .text.HAL_FDCAN_AddMessageToTxFifoQ
                0x08003334       0xb6 ./Drivers/STM32H7xx_HAL_Driver/stm32h7xx_hal_fdcan.o
                0x08003334                HAL_FDCAN_AddMessageToTxFifoQ
 *fill*         0x080033ea        0x2 
 .text.HAL_FDCAN_GetRxMessage
                0x080033ec      0x2dc ./Drivers/STM32H7xx_HAL_Driver/stm32h7xx_hal_fdcan.o
                0x080033ec                HAL_FDCAN_GetRxMessage
 .text.HAL_FDCAN_ActivateNotification
                0x080036c8       0xf4 ./Drivers/STM32H7xx_HAL_Driver/stm32h7xx_hal_fdcan.o
                0x080036c8                HAL_FDCAN_ActivateNotification
 .text.HAL_FDCAN_DeactivateNotification
                0x080037bc       0xdc ./Drivers/STM32H7xx_HAL_Driver/stm32h7xx_hal_fdcan.o
                0x080037bc                HAL_FDCAN_DeactivateNotification
 .text.HAL_FDCAN_IRQHandler
                0x08003898      0x498 ./Drivers/STM32H7xx_HAL_Driver/stm32h7xx_hal_fdcan.o
                0x08003898                HAL_FDCAN_IRQHandler
 .text.HAL_FDCAN_ClockCalibrationCallback
                0x08003d30       0x16 ./Drivers/STM32H7xx_HAL_Driver/stm32h7xx_hal_fdcan.o
                0x08003d30                HAL_FDCAN_ClockCalibrationCallback
 .text.HAL_FDCAN_TxEventFifoCallback
                0x08003d46       0x16 ./Drivers/STM32H7xx_HAL_Driver/stm32h7xx_hal_fdcan.o
                0x08003d46                HAL_FDCAN_TxEventFifoCallback
 .text.HAL_FDCAN_TxFifoEmptyCallback
                0x08003d5c       0x14 ./Drivers/STM32H7xx_HAL_Driver/stm32h7xx_hal_fdcan.o
                0x08003d5c                HAL_FDCAN_TxFifoEmptyCallback
 .text.HAL_FDCAN_TxBufferCompleteCallback
                0x08003d70       0x16 ./Drivers/STM32H7xx_HAL_Driver/stm32h7xx_hal_fdcan.o
                0x08003d70                HAL_FDCAN_TxBufferCompleteCallback
 .text.HAL_FDCAN_TxBufferAbortCallback
                0x08003d86       0x16 ./Drivers/STM32H7xx_HAL_Driver/stm32h7xx_hal_fdcan.o
                0x08003d86                HAL_FDCAN_TxBufferAbortCallback
 .text.HAL_FDCAN_RxBufferNewMessageCallback
                0x08003d9c       0x14 ./Drivers/STM32H7xx_HAL_Driver/stm32h7xx_hal_fdcan.o
                0x08003d9c                HAL_FDCAN_RxBufferNewMessageCallback
 .text.HAL_FDCAN_TimestampWraparoundCallback
                0x08003db0       0x14 ./Drivers/STM32H7xx_HAL_Driver/stm32h7xx_hal_fdcan.o
                0x08003db0                HAL_FDCAN_TimestampWraparoundCallback
 .text.HAL_FDCAN_TimeoutOccurredCallback
                0x08003dc4       0x14 ./Drivers/STM32H7xx_HAL_Driver/stm32h7xx_hal_fdcan.o
                0x08003dc4                HAL_FDCAN_TimeoutOccurredCallback
 .text.HAL_FDCAN_HighPriorityMessageCallback
                0x08003dd8       0x14 ./Drivers/STM32H7xx_HAL_Driver/stm32h7xx_hal_fdcan.o
                0x08003dd8                HAL_FDCAN_HighPriorityMessageCallback
 .text.HAL_FDCAN_ErrorCallback
                0x08003dec       0x14 ./Drivers/STM32H7xx_HAL_Driver/stm32h7xx_hal_fdcan.o
                0x08003dec                HAL_FDCAN_ErrorCallback
 .text.HAL_FDCAN_ErrorStatusCallback
                0x08003e00       0x16 ./Drivers/STM32H7xx_HAL_Driver/stm32h7xx_hal_fdcan.o
                0x08003e00                HAL_FDCAN_ErrorStatusCallback
 .text.HAL_FDCAN_TT_ScheduleSyncCallback
                0x08003e16       0x16 ./Drivers/STM32H7xx_HAL_Driver/stm32h7xx_hal_fdcan.o
                0x08003e16                HAL_FDCAN_TT_ScheduleSyncCallback
 .text.HAL_FDCAN_TT_TimeMarkCallback
                0x08003e2c       0x16 ./Drivers/STM32H7xx_HAL_Driver/stm32h7xx_hal_fdcan.o
                0x08003e2c                HAL_FDCAN_TT_TimeMarkCallback
 .text.HAL_FDCAN_TT_StopWatchCallback
                0x08003e42       0x18 ./Drivers/STM32H7xx_HAL_Driver/stm32h7xx_hal_fdcan.o
                0x08003e42                HAL_FDCAN_TT_StopWatchCallback
 .text.HAL_FDCAN_TT_GlobalTimeCallback
                0x08003e5a       0x16 ./Drivers/STM32H7xx_HAL_Driver/stm32h7xx_hal_fdcan.o
                0x08003e5a                HAL_FDCAN_TT_GlobalTimeCallback
 .text.FDCAN_CalcultateRamBlockAddresses
                0x08003e70      0x30c ./Drivers/STM32H7xx_HAL_Driver/stm32h7xx_hal_fdcan.o
 .text.FDCAN_CopyMessageToRAM
                0x0800417c       0xfc ./Drivers/STM32H7xx_HAL_Driver/stm32h7xx_hal_fdcan.o
 .text.HAL_GPIO_Init
                0x08004278      0x360 ./Drivers/STM32H7xx_HAL_Driver/stm32h7xx_hal_gpio.o
                0x08004278                HAL_GPIO_Init
 .text.HAL_GPIO_ReadPin
                0x080045d8       0x30 ./Drivers/STM32H7xx_HAL_Driver/stm32h7xx_hal_gpio.o
                0x080045d8                HAL_GPIO_ReadPin
 .text.HAL_GPIO_WritePin
                0x08004608       0x32 ./Drivers/STM32H7xx_HAL_Driver/stm32h7xx_hal_gpio.o
                0x08004608                HAL_GPIO_WritePin
 .text.HAL_GPIO_EXTI_IRQHandler
                0x0800463a       0x34 ./Drivers/STM32H7xx_HAL_Driver/stm32h7xx_hal_gpio.o
                0x0800463a                HAL_GPIO_EXTI_IRQHandler
 *fill*         0x0800466e        0x2 
 .text.HAL_HSEM_FastTake
                0x08004670       0x34 ./Drivers/STM32H7xx_HAL_Driver/stm32h7xx_hal_hsem.o
                0x08004670                HAL_HSEM_FastTake
 .text.HAL_HSEM_Release
                0x080046a4       0x28 ./Drivers/STM32H7xx_HAL_Driver/stm32h7xx_hal_hsem.o
                0x080046a4                HAL_HSEM_Release
 .text.HAL_PWREx_ConfigSupply
                0x080046cc       0xb4 ./Drivers/STM32H7xx_HAL_Driver/stm32h7xx_hal_pwr_ex.o
                0x080046cc                HAL_PWREx_ConfigSupply
 .text.HAL_RCC_OscConfig
                0x08004780      0x8b4 ./Drivers/STM32H7xx_HAL_Driver/stm32h7xx_hal_rcc.o
                0x08004780                HAL_RCC_OscConfig
 .text.HAL_RCC_ClockConfig
                0x08005034      0x36c ./Drivers/STM32H7xx_HAL_Driver/stm32h7xx_hal_rcc.o
                0x08005034                HAL_RCC_ClockConfig
 .text.HAL_RCC_GetSysClockFreq
                0x080053a0      0x2f4 ./Drivers/STM32H7xx_HAL_Driver/stm32h7xx_hal_rcc.o
                0x080053a0                HAL_RCC_GetSysClockFreq
 .text.HAL_RCC_GetHCLKFreq
                0x08005694       0x60 ./Drivers/STM32H7xx_HAL_Driver/stm32h7xx_hal_rcc.o
                0x08005694                HAL_RCC_GetHCLKFreq
 .text.HAL_RCC_GetPCLK1Freq
                0x080056f4       0x2c ./Drivers/STM32H7xx_HAL_Driver/stm32h7xx_hal_rcc.o
                0x080056f4                HAL_RCC_GetPCLK1Freq
 .text.HAL_RCCEx_PeriphCLKConfig
                0x08005720     0x1494 ./Drivers/STM32H7xx_HAL_Driver/stm32h7xx_hal_rcc_ex.o
                0x08005720                HAL_RCCEx_PeriphCLKConfig
 .text.HAL_RCCEx_GetPeriphCLKFreq
                0x08006bb4      0xb00 ./Drivers/STM32H7xx_HAL_Driver/stm32h7xx_hal_rcc_ex.o
                0x08006bb4                HAL_RCCEx_GetPeriphCLKFreq
 .text.HAL_RCCEx_GetD3PCLK1Freq
                0x080076b4       0x2c ./Drivers/STM32H7xx_HAL_Driver/stm32h7xx_hal_rcc_ex.o
                0x080076b4                HAL_RCCEx_GetD3PCLK1Freq
 .text.HAL_RCCEx_GetPLL2ClockFreq
                0x080076e0      0x2a8 ./Drivers/STM32H7xx_HAL_Driver/stm32h7xx_hal_rcc_ex.o
                0x080076e0                HAL_RCCEx_GetPLL2ClockFreq
 .text.HAL_RCCEx_GetPLL3ClockFreq
                0x08007988      0x2a8 ./Drivers/STM32H7xx_HAL_Driver/stm32h7xx_hal_rcc_ex.o
                0x08007988                HAL_RCCEx_GetPLL3ClockFreq
 .text.HAL_RCCEx_GetPLL1ClockFreq
                0x08007c30      0x2a4 ./Drivers/STM32H7xx_HAL_Driver/stm32h7xx_hal_rcc_ex.o
                0x08007c30                HAL_RCCEx_GetPLL1ClockFreq
 .text.RCCEx_PLL2_Config
                0x08007ed4      0x164 ./Drivers/STM32H7xx_HAL_Driver/stm32h7xx_hal_rcc_ex.o
 .text.RCCEx_PLL3_Config
                0x08008038      0x164 ./Drivers/STM32H7xx_HAL_Driver/stm32h7xx_hal_rcc_ex.o
 .text.HAL_SD_Init
                0x0800819c      0x106 ./Drivers/STM32H7xx_HAL_Driver/stm32h7xx_hal_sd.o
                0x0800819c                HAL_SD_Init
 *fill*         0x080082a2        0x2 
 .text.HAL_SD_InitCard
                0x080082a4      0x138 ./Drivers/STM32H7xx_HAL_Driver/stm32h7xx_hal_sd.o
                0x080082a4                HAL_SD_InitCard
 .text.HAL_SD_ReadBlocks_DMA
                0x080083dc      0x150 ./Drivers/STM32H7xx_HAL_Driver/stm32h7xx_hal_sd.o
                0x080083dc                HAL_SD_ReadBlocks_DMA
 .text.HAL_SD_WriteBlocks_DMA
                0x0800852c      0x150 ./Drivers/STM32H7xx_HAL_Driver/stm32h7xx_hal_sd.o
                0x0800852c                HAL_SD_WriteBlocks_DMA
 .text.HAL_SD_IRQHandler
                0x0800867c      0x370 ./Drivers/STM32H7xx_HAL_Driver/stm32h7xx_hal_sd.o
                0x0800867c                HAL_SD_IRQHandler
 .text.HAL_SD_ErrorCallback
                0x080089ec       0x14 ./Drivers/STM32H7xx_HAL_Driver/stm32h7xx_hal_sd.o
                0x080089ec                HAL_SD_ErrorCallback
 .text.HAL_SD_GetCardCSD
                0x08008a00      0x348 ./Drivers/STM32H7xx_HAL_Driver/stm32h7xx_hal_sd.o
                0x08008a00                HAL_SD_GetCardCSD
 .text.HAL_SD_GetCardStatus
                0x08008d48      0x17c ./Drivers/STM32H7xx_HAL_Driver/stm32h7xx_hal_sd.o
                0x08008d48                HAL_SD_GetCardStatus
 .text.HAL_SD_GetCardInfo
                0x08008ec4       0x58 ./Drivers/STM32H7xx_HAL_Driver/stm32h7xx_hal_sd.o
                0x08008ec4                HAL_SD_GetCardInfo
 .text.HAL_SD_ConfigWideBusOperation
                0x08008f1c      0x224 ./Drivers/STM32H7xx_HAL_Driver/stm32h7xx_hal_sd.o
                0x08008f1c                HAL_SD_ConfigWideBusOperation
 .text.HAL_SD_GetCardState
                0x08009140       0x40 ./Drivers/STM32H7xx_HAL_Driver/stm32h7xx_hal_sd.o
                0x08009140                HAL_SD_GetCardState
 .text.SD_InitCard
                0x08009180      0x19c ./Drivers/STM32H7xx_HAL_Driver/stm32h7xx_hal_sd.o
 .text.SD_PowerON
                0x0800931c      0x11c ./Drivers/STM32H7xx_HAL_Driver/stm32h7xx_hal_sd.o
 .text.SD_SendSDStatus
                0x08009438      0x1a0 ./Drivers/STM32H7xx_HAL_Driver/stm32h7xx_hal_sd.o
 .text.SD_SendStatus
                0x080095d8       0x50 ./Drivers/STM32H7xx_HAL_Driver/stm32h7xx_hal_sd.o
 .text.SD_WideBus_Enable
                0x08009628       0x96 ./Drivers/STM32H7xx_HAL_Driver/stm32h7xx_hal_sd.o
 .text.SD_WideBus_Disable
                0x080096be       0x96 ./Drivers/STM32H7xx_HAL_Driver/stm32h7xx_hal_sd.o
 .text.SD_FindSCR
                0x08009754      0x1a0 ./Drivers/STM32H7xx_HAL_Driver/stm32h7xx_hal_sd.o
 .text.SD_Read_IT
                0x080098f4       0x8c ./Drivers/STM32H7xx_HAL_Driver/stm32h7xx_hal_sd.o
 .text.SD_Write_IT
                0x08009980       0x94 ./Drivers/STM32H7xx_HAL_Driver/stm32h7xx_hal_sd.o
 .text.HAL_SDEx_Read_DMADoubleBuf0CpltCallback
                0x08009a14       0x14 ./Drivers/STM32H7xx_HAL_Driver/stm32h7xx_hal_sd.o
                0x08009a14                HAL_SDEx_Read_DMADoubleBuf0CpltCallback
 .text.HAL_SDEx_Read_DMADoubleBuf1CpltCallback
                0x08009a28       0x14 ./Drivers/STM32H7xx_HAL_Driver/stm32h7xx_hal_sd.o
                0x08009a28                HAL_SDEx_Read_DMADoubleBuf1CpltCallback
 .text.HAL_SDEx_Write_DMADoubleBuf0CpltCallback
                0x08009a3c       0x14 ./Drivers/STM32H7xx_HAL_Driver/stm32h7xx_hal_sd.o
                0x08009a3c                HAL_SDEx_Write_DMADoubleBuf0CpltCallback
 .text.HAL_SDEx_Write_DMADoubleBuf1CpltCallback
                0x08009a50       0x14 ./Drivers/STM32H7xx_HAL_Driver/stm32h7xx_hal_sd.o
                0x08009a50                HAL_SDEx_Write_DMADoubleBuf1CpltCallback
 .text.HAL_SPI_Init
                0x08009a64      0x248 ./Drivers/STM32H7xx_HAL_Driver/stm32h7xx_hal_spi.o
                0x08009a64                HAL_SPI_Init
 .text.HAL_SPI_Transmit
                0x08009cac      0x3f8 ./Drivers/STM32H7xx_HAL_Driver/stm32h7xx_hal_spi.o
                0x08009cac                HAL_SPI_Transmit
 .text.HAL_SPI_TransmitReceive
                0x0800a0a4      0x438 ./Drivers/STM32H7xx_HAL_Driver/stm32h7xx_hal_spi.o
                0x0800a0a4                HAL_SPI_TransmitReceive
 .text.SPI_CloseTransfer
                0x0800a4dc      0x140 ./Drivers/STM32H7xx_HAL_Driver/stm32h7xx_hal_spi.o
 .text.SPI_WaitOnFlagUntilTimeout
                0x0800a61c       0x5c ./Drivers/STM32H7xx_HAL_Driver/stm32h7xx_hal_spi.o
 .text.SPI_GetPacketSize
                0x0800a678       0x36 ./Drivers/STM32H7xx_HAL_Driver/stm32h7xx_hal_spi.o
 .text.HAL_TIM_Base_Init
                0x0800a6ae       0xae ./Drivers/STM32H7xx_HAL_Driver/stm32h7xx_hal_tim.o
                0x0800a6ae                HAL_TIM_Base_Init
 .text.HAL_TIM_Base_Start
                0x0800a75c       0xe0 ./Drivers/STM32H7xx_HAL_Driver/stm32h7xx_hal_tim.o
                0x0800a75c                HAL_TIM_Base_Start
 .text.HAL_TIM_Base_Start_IT
                0x0800a83c       0xf0 ./Drivers/STM32H7xx_HAL_Driver/stm32h7xx_hal_tim.o
                0x0800a83c                HAL_TIM_Base_Start_IT
 .text.HAL_TIM_Base_Stop_IT
                0x0800a92c       0x5e ./Drivers/STM32H7xx_HAL_Driver/stm32h7xx_hal_tim.o
                0x0800a92c                HAL_TIM_Base_Stop_IT
 .text.HAL_TIM_IRQHandler
                0x0800a98a      0x23e ./Drivers/STM32H7xx_HAL_Driver/stm32h7xx_hal_tim.o
                0x0800a98a                HAL_TIM_IRQHandler
 .text.HAL_TIM_ConfigClockSource
                0x0800abc8      0x1f0 ./Drivers/STM32H7xx_HAL_Driver/stm32h7xx_hal_tim.o
                0x0800abc8                HAL_TIM_ConfigClockSource
 .text.HAL_TIM_OC_DelayElapsedCallback
                0x0800adb8       0x14 ./Drivers/STM32H7xx_HAL_Driver/stm32h7xx_hal_tim.o
                0x0800adb8                HAL_TIM_OC_DelayElapsedCallback
 .text.HAL_TIM_IC_CaptureCallback
                0x0800adcc       0x14 ./Drivers/STM32H7xx_HAL_Driver/stm32h7xx_hal_tim.o
                0x0800adcc                HAL_TIM_IC_CaptureCallback
 .text.HAL_TIM_PWM_PulseFinishedCallback
                0x0800ade0       0x14 ./Drivers/STM32H7xx_HAL_Driver/stm32h7xx_hal_tim.o
                0x0800ade0                HAL_TIM_PWM_PulseFinishedCallback
 .text.HAL_TIM_TriggerCallback
                0x0800adf4       0x14 ./Drivers/STM32H7xx_HAL_Driver/stm32h7xx_hal_tim.o
                0x0800adf4                HAL_TIM_TriggerCallback
 .text.TIM_Base_SetConfig
                0x0800ae08      0x134 ./Drivers/STM32H7xx_HAL_Driver/stm32h7xx_hal_tim.o
                0x0800ae08                TIM_Base_SetConfig
 .text.TIM_TI1_ConfigInputStage
                0x0800af3c       0x5e ./Drivers/STM32H7xx_HAL_Driver/stm32h7xx_hal_tim.o
 .text.TIM_TI2_ConfigInputStage
                0x0800af9a       0x60 ./Drivers/STM32H7xx_HAL_Driver/stm32h7xx_hal_tim.o
 *fill*         0x0800affa        0x2 
 .text.TIM_ITRx_SetConfig
                0x0800affc       0x3c ./Drivers/STM32H7xx_HAL_Driver/stm32h7xx_hal_tim.o
 .text.TIM_ETR_SetConfig
                0x0800b038       0x40 ./Drivers/STM32H7xx_HAL_Driver/stm32h7xx_hal_tim.o
                0x0800b038                TIM_ETR_SetConfig
 .text.HAL_TIMEx_MasterConfigSynchronization
                0x0800b078      0x11c ./Drivers/STM32H7xx_HAL_Driver/stm32h7xx_hal_tim_ex.o
                0x0800b078                HAL_TIMEx_MasterConfigSynchronization
 .text.HAL_TIMEx_CommutCallback
                0x0800b194       0x14 ./Drivers/STM32H7xx_HAL_Driver/stm32h7xx_hal_tim_ex.o
                0x0800b194                HAL_TIMEx_CommutCallback
 .text.HAL_TIMEx_BreakCallback
                0x0800b1a8       0x14 ./Drivers/STM32H7xx_HAL_Driver/stm32h7xx_hal_tim_ex.o
                0x0800b1a8                HAL_TIMEx_BreakCallback
 .text.HAL_TIMEx_Break2Callback
                0x0800b1bc       0x14 ./Drivers/STM32H7xx_HAL_Driver/stm32h7xx_hal_tim_ex.o
                0x0800b1bc                HAL_TIMEx_Break2Callback
 .text.SDMMC_Init
                0x0800b1d0       0x54 ./Drivers/STM32H7xx_HAL_Driver/stm32h7xx_ll_sdmmc.o
                0x0800b1d0                SDMMC_Init
 .text.SDMMC_ReadFIFO
                0x0800b224       0x1a ./Drivers/STM32H7xx_HAL_Driver/stm32h7xx_ll_sdmmc.o
                0x0800b224                SDMMC_ReadFIFO
 .text.SDMMC_WriteFIFO
                0x0800b23e       0x22 ./Drivers/STM32H7xx_HAL_Driver/stm32h7xx_ll_sdmmc.o
                0x0800b23e                SDMMC_WriteFIFO
 .text.SDMMC_PowerState_ON
                0x0800b260       0x22 ./Drivers/STM32H7xx_HAL_Driver/stm32h7xx_ll_sdmmc.o
                0x0800b260                SDMMC_PowerState_ON
 .text.SDMMC_GetPowerState
                0x0800b282       0x1c ./Drivers/STM32H7xx_HAL_Driver/stm32h7xx_ll_sdmmc.o
                0x0800b282                SDMMC_GetPowerState
 *fill*         0x0800b29e        0x2 
 .text.SDMMC_SendCommand
                0x0800b2a0       0x54 ./Drivers/STM32H7xx_HAL_Driver/stm32h7xx_ll_sdmmc.o
                0x0800b2a0                SDMMC_SendCommand
 .text.SDMMC_GetCommandResponse
                0x0800b2f4       0x1a ./Drivers/STM32H7xx_HAL_Driver/stm32h7xx_ll_sdmmc.o
                0x0800b2f4                SDMMC_GetCommandResponse
 .text.SDMMC_GetResponse
                0x0800b30e       0x26 ./Drivers/STM32H7xx_HAL_Driver/stm32h7xx_ll_sdmmc.o
                0x0800b30e                SDMMC_GetResponse
 .text.SDMMC_ConfigData
                0x0800b334       0x58 ./Drivers/STM32H7xx_HAL_Driver/stm32h7xx_ll_sdmmc.o
                0x0800b334                SDMMC_ConfigData
 .text.SDMMC_CmdBlockLength
                0x0800b38c       0x46 ./Drivers/STM32H7xx_HAL_Driver/stm32h7xx_ll_sdmmc.o
                0x0800b38c                SDMMC_CmdBlockLength
 .text.SDMMC_CmdReadSingleBlock
                0x0800b3d2       0x46 ./Drivers/STM32H7xx_HAL_Driver/stm32h7xx_ll_sdmmc.o
                0x0800b3d2                SDMMC_CmdReadSingleBlock
 .text.SDMMC_CmdReadMultiBlock
                0x0800b418       0x46 ./Drivers/STM32H7xx_HAL_Driver/stm32h7xx_ll_sdmmc.o
                0x0800b418                SDMMC_CmdReadMultiBlock
 .text.SDMMC_CmdWriteSingleBlock
                0x0800b45e       0x46 ./Drivers/STM32H7xx_HAL_Driver/stm32h7xx_ll_sdmmc.o
                0x0800b45e                SDMMC_CmdWriteSingleBlock
 .text.SDMMC_CmdWriteMultiBlock
                0x0800b4a4       0x46 ./Drivers/STM32H7xx_HAL_Driver/stm32h7xx_ll_sdmmc.o
                0x0800b4a4                SDMMC_CmdWriteMultiBlock
 *fill*         0x0800b4ea        0x2 
 .text.SDMMC_CmdStopTransfer
                0x0800b4ec       0x78 ./Drivers/STM32H7xx_HAL_Driver/stm32h7xx_ll_sdmmc.o
                0x0800b4ec                SDMMC_CmdStopTransfer
 .text.SDMMC_CmdSelDesel
                0x0800b564       0x46 ./Drivers/STM32H7xx_HAL_Driver/stm32h7xx_ll_sdmmc.o
                0x0800b564                SDMMC_CmdSelDesel
 .text.SDMMC_CmdGoIdleState
                0x0800b5aa       0x3c ./Drivers/STM32H7xx_HAL_Driver/stm32h7xx_ll_sdmmc.o
                0x0800b5aa                SDMMC_CmdGoIdleState
 .text.SDMMC_CmdOperCond
                0x0800b5e6       0x40 ./Drivers/STM32H7xx_HAL_Driver/stm32h7xx_ll_sdmmc.o
                0x0800b5e6                SDMMC_CmdOperCond
 .text.SDMMC_CmdAppCommand
                0x0800b626       0x46 ./Drivers/STM32H7xx_HAL_Driver/stm32h7xx_ll_sdmmc.o
                0x0800b626                SDMMC_CmdAppCommand
 .text.SDMMC_CmdAppOperCommand
                0x0800b66c       0x40 ./Drivers/STM32H7xx_HAL_Driver/stm32h7xx_ll_sdmmc.o
                0x0800b66c                SDMMC_CmdAppOperCommand
 .text.SDMMC_CmdBusWidth
                0x0800b6ac       0x46 ./Drivers/STM32H7xx_HAL_Driver/stm32h7xx_ll_sdmmc.o
                0x0800b6ac                SDMMC_CmdBusWidth
 .text.SDMMC_CmdSendSCR
                0x0800b6f2       0x44 ./Drivers/STM32H7xx_HAL_Driver/stm32h7xx_ll_sdmmc.o
                0x0800b6f2                SDMMC_CmdSendSCR
 .text.SDMMC_CmdSendCID
                0x0800b736       0x3e ./Drivers/STM32H7xx_HAL_Driver/stm32h7xx_ll_sdmmc.o
                0x0800b736                SDMMC_CmdSendCID
 .text.SDMMC_CmdSendCSD
                0x0800b774       0x40 ./Drivers/STM32H7xx_HAL_Driver/stm32h7xx_ll_sdmmc.o
                0x0800b774                SDMMC_CmdSendCSD
 .text.SDMMC_CmdSetRelAdd
                0x0800b7b4       0x44 ./Drivers/STM32H7xx_HAL_Driver/stm32h7xx_ll_sdmmc.o
                0x0800b7b4                SDMMC_CmdSetRelAdd
 .text.SDMMC_CmdSendStatus
                0x0800b7f8       0x46 ./Drivers/STM32H7xx_HAL_Driver/stm32h7xx_ll_sdmmc.o
                0x0800b7f8                SDMMC_CmdSendStatus
 .text.SDMMC_CmdStatusRegister
                0x0800b83e       0x44 ./Drivers/STM32H7xx_HAL_Driver/stm32h7xx_ll_sdmmc.o
                0x0800b83e                SDMMC_CmdStatusRegister
 *fill*         0x0800b882        0x2 
 .text.SDMMC_GetCmdResp1
                0x0800b884      0x1e4 ./Drivers/STM32H7xx_HAL_Driver/stm32h7xx_ll_sdmmc.o
                0x0800b884                SDMMC_GetCmdResp1
 .text.SDMMC_GetCmdResp2
                0x0800ba68       0x94 ./Drivers/STM32H7xx_HAL_Driver/stm32h7xx_ll_sdmmc.o
                0x0800ba68                SDMMC_GetCmdResp2
 .text.SDMMC_GetCmdResp3
                0x0800bafc       0x80 ./Drivers/STM32H7xx_HAL_Driver/stm32h7xx_ll_sdmmc.o
                0x0800bafc                SDMMC_GetCmdResp3
 .text.SDMMC_GetCmdResp6
                0x0800bb7c       0xf0 ./Drivers/STM32H7xx_HAL_Driver/stm32h7xx_ll_sdmmc.o
                0x0800bb7c                SDMMC_GetCmdResp6
 .text.SDMMC_GetCmdResp7
                0x0800bc6c       0x9c ./Drivers/STM32H7xx_HAL_Driver/stm32h7xx_ll_sdmmc.o
                0x0800bc6c                SDMMC_GetCmdResp7
 .text.SDMMC_GetCmdError
                0x0800bd08       0x5c ./Drivers/STM32H7xx_HAL_Driver/stm32h7xx_ll_sdmmc.o
 .text.MX_FATFS_Init
                0x0800bd64       0x24 ./FATFS/App/fatfs.o
                0x0800bd64                MX_FATFS_Init
 .text.get_fattime
                0x0800bd88       0x10 ./FATFS/App/fatfs.o
                0x0800bd88                get_fattime
 .text.BSP_SD_Init
                0x0800bd98       0x4c ./FATFS/Target/bsp_driver_sd.o
                0x0800bd98                BSP_SD_Init
 .text.BSP_SD_ReadBlocks_DMA
                0x0800bde4       0x34 ./FATFS/Target/bsp_driver_sd.o
                0x0800bde4                BSP_SD_ReadBlocks_DMA
 .text.BSP_SD_WriteBlocks_DMA
                0x0800be18       0x34 ./FATFS/Target/bsp_driver_sd.o
                0x0800be18                BSP_SD_WriteBlocks_DMA
 .text.BSP_SD_GetCardState
                0x0800be4c       0x20 ./FATFS/Target/bsp_driver_sd.o
                0x0800be4c                BSP_SD_GetCardState
 .text.BSP_SD_GetCardInfo
                0x0800be6c       0x1c ./FATFS/Target/bsp_driver_sd.o
                0x0800be6c                BSP_SD_GetCardInfo
 .text.HAL_SD_TxCpltCallback
                0x0800be88       0x14 ./FATFS/Target/bsp_driver_sd.o
                0x0800be88                HAL_SD_TxCpltCallback
 .text.HAL_SD_RxCpltCallback
                0x0800be9c       0x14 ./FATFS/Target/bsp_driver_sd.o
                0x0800be9c                HAL_SD_RxCpltCallback
 .text.BSP_SD_IsDetected
                0x0800beb0       0x1a ./FATFS/Target/bsp_driver_sd.o
                0x0800beb0                BSP_SD_IsDetected
 .text.SD_CheckStatusWithTimeout
                0x0800beca       0x3a ./FATFS/Target/sd_diskio.o
 .text.SD_CheckStatus
                0x0800bf04       0x3c ./FATFS/Target/sd_diskio.o
 .text.SD_initialize
                0x0800bf40       0x38 ./FATFS/Target/sd_diskio.o
                0x0800bf40                SD_initialize
 .text.SD_status
                0x0800bf78       0x1c ./FATFS/Target/sd_diskio.o
                0x0800bf78                SD_status
 .text.SD_read  0x0800bf94       0xac ./FATFS/Target/sd_diskio.o
                0x0800bf94                SD_read
 .text.SD_write
                0x0800c040       0xac ./FATFS/Target/sd_diskio.o
                0x0800c040                SD_write
 .text.SD_ioctl
                0x0800c0ec       0xb0 ./FATFS/Target/sd_diskio.o
                0x0800c0ec                SD_ioctl
 .text.BSP_SD_WriteCpltCallback
                0x0800c19c       0x18 ./FATFS/Target/sd_diskio.o
                0x0800c19c                BSP_SD_WriteCpltCallback
 .text.BSP_SD_ReadCpltCallback
                0x0800c1b4       0x18 ./FATFS/Target/sd_diskio.o
                0x0800c1b4                BSP_SD_ReadCpltCallback
 .text.disk_status
                0x0800c1cc       0x34 ./Middlewares/Third_Party/FatFs/diskio.o
                0x0800c1cc                disk_status
 .text.disk_initialize
                0x0800c200       0x4c ./Middlewares/Third_Party/FatFs/diskio.o
                0x0800c200                disk_initialize
 .text.disk_read
                0x0800c24c       0x40 ./Middlewares/Third_Party/FatFs/diskio.o
                0x0800c24c                disk_read
 .text.disk_write
                0x0800c28c       0x40 ./Middlewares/Third_Party/FatFs/diskio.o
                0x0800c28c                disk_write
 .text.disk_ioctl
                0x0800c2cc       0x3c ./Middlewares/Third_Party/FatFs/diskio.o
                0x0800c2cc                disk_ioctl
 .text.ld_word  0x0800c308       0x30 ./Middlewares/Third_Party/FatFs/ff.o
 .text.ld_dword
                0x0800c338       0x46 ./Middlewares/Third_Party/FatFs/ff.o
 .text.st_word  0x0800c37e       0x36 ./Middlewares/Third_Party/FatFs/ff.o
 .text.st_dword
                0x0800c3b4       0x58 ./Middlewares/Third_Party/FatFs/ff.o
 .text.mem_cpy  0x0800c40c       0x42 ./Middlewares/Third_Party/FatFs/ff.o
 .text.mem_set  0x0800c44e       0x36 ./Middlewares/Third_Party/FatFs/ff.o
 .text.mem_cmp  0x0800c484       0x4e ./Middlewares/Third_Party/FatFs/ff.o
 .text.chk_chr  0x0800c4d2       0x36 ./Middlewares/Third_Party/FatFs/ff.o
 .text.chk_lock
                0x0800c508       0xb8 ./Middlewares/Third_Party/FatFs/ff.o
 .text.enq_lock
                0x0800c5c0       0x44 ./Middlewares/Third_Party/FatFs/ff.o
 .text.inc_lock
                0x0800c604      0x11c ./Middlewares/Third_Party/FatFs/ff.o
 .text.clear_lock
                0x0800c720       0x48 ./Middlewares/Third_Party/FatFs/ff.o
 .text.sync_window
                0x0800c768       0x88 ./Middlewares/Third_Party/FatFs/ff.o
 .text.move_window
                0x0800c7f0       0x5a ./Middlewares/Third_Party/FatFs/ff.o
 *fill*         0x0800c84a        0x2 
 .text.sync_fs  0x0800c84c       0xdc ./Middlewares/Third_Party/FatFs/ff.o
 .text.clust2sect
                0x0800c928       0x3e ./Middlewares/Third_Party/FatFs/ff.o
 .text.get_fat  0x0800c966      0x14e ./Middlewares/Third_Party/FatFs/ff.o
 .text.put_fat  0x0800cab4      0x1d4 ./Middlewares/Third_Party/FatFs/ff.o
 .text.remove_chain
                0x0800cc88       0xca ./Middlewares/Third_Party/FatFs/ff.o
 .text.create_chain
                0x0800cd52      0x130 ./Middlewares/Third_Party/FatFs/ff.o
 .text.clmt_clust
                0x0800ce82       0x68 ./Middlewares/Third_Party/FatFs/ff.o
 .text.dir_sdi  0x0800ceea       0xf6 ./Middlewares/Third_Party/FatFs/ff.o
 .text.dir_next
                0x0800cfe0      0x18a ./Middlewares/Third_Party/FatFs/ff.o
 .text.dir_alloc
                0x0800d16a       0x8e ./Middlewares/Third_Party/FatFs/ff.o
 .text.ld_clust
                0x0800d1f8       0x3e ./Middlewares/Third_Party/FatFs/ff.o
 .text.st_clust
                0x0800d236       0x40 ./Middlewares/Third_Party/FatFs/ff.o
 .text.dir_find
                0x0800d276       0xaa ./Middlewares/Third_Party/FatFs/ff.o
 .text.dir_register
                0x0800d320       0x64 ./Middlewares/Third_Party/FatFs/ff.o
 .text.get_fileinfo
                0x0800d384       0xc0 ./Middlewares/Third_Party/FatFs/ff.o
 .text.create_name
                0x0800d444      0x128 ./Middlewares/Third_Party/FatFs/ff.o
 .text.follow_path
                0x0800d56c       0xe2 ./Middlewares/Third_Party/FatFs/ff.o
 .text.get_ldnumber
                0x0800d64e       0x88 ./Middlewares/Third_Party/FatFs/ff.o
 *fill*         0x0800d6d6        0x2 
 .text.check_fs
                0x0800d6d8       0xac ./Middlewares/Third_Party/FatFs/ff.o
 .text.find_volume
                0x0800d784      0x498 ./Middlewares/Third_Party/FatFs/ff.o
 .text.validate
                0x0800dc1c       0x6a ./Middlewares/Third_Party/FatFs/ff.o
 *fill*         0x0800dc86        0x2 
 .text.f_mount  0x0800dc88       0x8c ./Middlewares/Third_Party/FatFs/ff.o
                0x0800dc88                f_mount
 .text.f_open   0x0800dd14      0x374 ./Middlewares/Third_Party/FatFs/ff.o
                0x0800dd14                f_open
 .text.f_write  0x0800e088      0x2ea ./Middlewares/Third_Party/FatFs/ff.o
                0x0800e088                f_write
 .text.f_sync   0x0800e372       0xfc ./Middlewares/Third_Party/FatFs/ff.o
                0x0800e372                f_sync
 .text.f_stat   0x0800e46e       0x72 ./Middlewares/Third_Party/FatFs/ff.o
                0x0800e46e                f_stat
 .text.FATFS_LinkDriverEx
                0x0800e4e0       0x98 ./Middlewares/Third_Party/FatFs/ff_gen_drv.o
                0x0800e4e0                FATFS_LinkDriverEx
 .text.FATFS_LinkDriver
                0x0800e578       0x1e ./Middlewares/Third_Party/FatFs/ff_gen_drv.o
                0x0800e578                FATFS_LinkDriver
 .text.atoi     0x0800e596        0x8 C:/ST/STM32CubeIDE_1.16.1/STM32CubeIDE/plugins/com.st.stm32cube.ide.mcu.externaltools.gnu-tools-for-stm32.12.3.rel1.win32_1.0.200.202406191623/tools/bin/../lib/gcc/arm-none-eabi/12.3.1/../../../../arm-none-eabi/lib/thumb/v7e-m+dp/hard\libc_nano.a(libc_a-atoi.o)
                0x0800e596                atoi
 *fill*         0x0800e59e        0x2 
 .text._strtol_l.constprop.0
                0x0800e5a0       0xf4 C:/ST/STM32CubeIDE_1.16.1/STM32CubeIDE/plugins/com.st.stm32cube.ide.mcu.externaltools.gnu-tools-for-stm32.12.3.rel1.win32_1.0.200.202406191623/tools/bin/../lib/gcc/arm-none-eabi/12.3.1/../../../../arm-none-eabi/lib/thumb/v7e-m+dp/hard\libc_nano.a(libc_a-strtol.o)
 .text.strtol   0x0800e694       0x14 C:/ST/STM32CubeIDE_1.16.1/STM32CubeIDE/plugins/com.st.stm32cube.ide.mcu.externaltools.gnu-tools-for-stm32.12.3.rel1.win32_1.0.200.202406191623/tools/bin/../lib/gcc/arm-none-eabi/12.3.1/../../../../arm-none-eabi/lib/thumb/v7e-m+dp/hard\libc_nano.a(libc_a-strtol.o)
                0x0800e694                strtol
 .text.__cvt    0x0800e6a8       0xa8 C:/ST/STM32CubeIDE_1.16.1/STM32CubeIDE/plugins/com.st.stm32cube.ide.mcu.externaltools.gnu-tools-for-stm32.12.3.rel1.win32_1.0.200.202406191623/tools/bin/../lib/gcc/arm-none-eabi/12.3.1/../../../../arm-none-eabi/lib/thumb/v7e-m+dp/hard\libc_nano.a(libc_a-nano-vfprintf_float.o)
                0x0800e6a8                __cvt
 .text.__exponent
                0x0800e750       0x74 C:/ST/STM32CubeIDE_1.16.1/STM32CubeIDE/plugins/com.st.stm32cube.ide.mcu.externaltools.gnu-tools-for-stm32.12.3.rel1.win32_1.0.200.202406191623/tools/bin/../lib/gcc/arm-none-eabi/12.3.1/../../../../arm-none-eabi/lib/thumb/v7e-m+dp/hard\libc_nano.a(libc_a-nano-vfprintf_float.o)
                0x0800e750                __exponent
 *fill*         0x0800e7c4        0x4 
 .text._printf_float
                0x0800e7c8      0x434 C:/ST/STM32CubeIDE_1.16.1/STM32CubeIDE/plugins/com.st.stm32cube.ide.mcu.externaltools.gnu-tools-for-stm32.12.3.rel1.win32_1.0.200.202406191623/tools/bin/../lib/gcc/arm-none-eabi/12.3.1/../../../../arm-none-eabi/lib/thumb/v7e-m+dp/hard\libc_nano.a(libc_a-nano-vfprintf_float.o)
                0x0800e7c8                _printf_float
 .text._printf_common
                0x0800ebfc       0xda C:/ST/STM32CubeIDE_1.16.1/STM32CubeIDE/plugins/com.st.stm32cube.ide.mcu.externaltools.gnu-tools-for-stm32.12.3.rel1.win32_1.0.200.202406191623/tools/bin/../lib/gcc/arm-none-eabi/12.3.1/../../../../arm-none-eabi/lib/thumb/v7e-m+dp/hard\libc_nano.a(libc_a-nano-vfprintf_i.o)
                0x0800ebfc                _printf_common
 *fill*         0x0800ecd6        0x2 
 .text._printf_i
                0x0800ecd8      0x240 C:/ST/STM32CubeIDE_1.16.1/STM32CubeIDE/plugins/com.st.stm32cube.ide.mcu.externaltools.gnu-tools-for-stm32.12.3.rel1.win32_1.0.200.202406191623/tools/bin/../lib/gcc/arm-none-eabi/12.3.1/../../../../arm-none-eabi/lib/thumb/v7e-m+dp/hard\libc_nano.a(libc_a-nano-vfprintf_i.o)
                0x0800ecd8                _printf_i
 .text.std      0x0800ef18       0x6c C:/ST/STM32CubeIDE_1.16.1/STM32CubeIDE/plugins/com.st.stm32cube.ide.mcu.externaltools.gnu-tools-for-stm32.12.3.rel1.win32_1.0.200.202406191623/tools/bin/../lib/gcc/arm-none-eabi/12.3.1/../../../../arm-none-eabi/lib/thumb/v7e-m+dp/hard\libc_nano.a(libc_a-findfp.o)
 .text.stdio_exit_handler
                0x0800ef84       0x18 C:/ST/STM32CubeIDE_1.16.1/STM32CubeIDE/plugins/com.st.stm32cube.ide.mcu.externaltools.gnu-tools-for-stm32.12.3.rel1.win32_1.0.200.202406191623/tools/bin/../lib/gcc/arm-none-eabi/12.3.1/../../../../arm-none-eabi/lib/thumb/v7e-m+dp/hard\libc_nano.a(libc_a-findfp.o)
 .text.cleanup_stdio
                0x0800ef9c       0x40 C:/ST/STM32CubeIDE_1.16.1/STM32CubeIDE/plugins/com.st.stm32cube.ide.mcu.externaltools.gnu-tools-for-stm32.12.3.rel1.win32_1.0.200.202406191623/tools/bin/../lib/gcc/arm-none-eabi/12.3.1/../../../../arm-none-eabi/lib/thumb/v7e-m+dp/hard\libc_nano.a(libc_a-findfp.o)
 .text.global_stdio_init.part.0
                0x0800efdc       0x3c C:/ST/STM32CubeIDE_1.16.1/STM32CubeIDE/plugins/com.st.stm32cube.ide.mcu.externaltools.gnu-tools-for-stm32.12.3.rel1.win32_1.0.200.202406191623/tools/bin/../lib/gcc/arm-none-eabi/12.3.1/../../../../arm-none-eabi/lib/thumb/v7e-m+dp/hard\libc_nano.a(libc_a-findfp.o)
 .text.__sfp_lock_acquire
                0x0800f018        0xc C:/ST/STM32CubeIDE_1.16.1/STM32CubeIDE/plugins/com.st.stm32cube.ide.mcu.externaltools.gnu-tools-for-stm32.12.3.rel1.win32_1.0.200.202406191623/tools/bin/../lib/gcc/arm-none-eabi/12.3.1/../../../../arm-none-eabi/lib/thumb/v7e-m+dp/hard\libc_nano.a(libc_a-findfp.o)
                0x0800f018                __sfp_lock_acquire
 .text.__sfp_lock_release
                0x0800f024        0xc C:/ST/STM32CubeIDE_1.16.1/STM32CubeIDE/plugins/com.st.stm32cube.ide.mcu.externaltools.gnu-tools-for-stm32.12.3.rel1.win32_1.0.200.202406191623/tools/bin/../lib/gcc/arm-none-eabi/12.3.1/../../../../arm-none-eabi/lib/thumb/v7e-m+dp/hard\libc_nano.a(libc_a-findfp.o)
                0x0800f024                __sfp_lock_release
 .text.__sinit  0x0800f030       0x30 C:/ST/STM32CubeIDE_1.16.1/STM32CubeIDE/plugins/com.st.stm32cube.ide.mcu.externaltools.gnu-tools-for-stm32.12.3.rel1.win32_1.0.200.202406191623/tools/bin/../lib/gcc/arm-none-eabi/12.3.1/../../../../arm-none-eabi/lib/thumb/v7e-m+dp/hard\libc_nano.a(libc_a-findfp.o)
                0x0800f030                __sinit
 .text._fwalk_sglue
                0x0800f060       0x3c C:/ST/STM32CubeIDE_1.16.1/STM32CubeIDE/plugins/com.st.stm32cube.ide.mcu.externaltools.gnu-tools-for-stm32.12.3.rel1.win32_1.0.200.202406191623/tools/bin/../lib/gcc/arm-none-eabi/12.3.1/../../../../arm-none-eabi/lib/thumb/v7e-m+dp/hard\libc_nano.a(libc_a-fwalk.o)
                0x0800f060                _fwalk_sglue
 .text.__sread  0x0800f09c       0x22 C:/ST/STM32CubeIDE_1.16.1/STM32CubeIDE/plugins/com.st.stm32cube.ide.mcu.externaltools.gnu-tools-for-stm32.12.3.rel1.win32_1.0.200.202406191623/tools/bin/../lib/gcc/arm-none-eabi/12.3.1/../../../../arm-none-eabi/lib/thumb/v7e-m+dp/hard\libc_nano.a(libc_a-stdio.o)
                0x0800f09c                __sread
 .text.__swrite
                0x0800f0be       0x38 C:/ST/STM32CubeIDE_1.16.1/STM32CubeIDE/plugins/com.st.stm32cube.ide.mcu.externaltools.gnu-tools-for-stm32.12.3.rel1.win32_1.0.200.202406191623/tools/bin/../lib/gcc/arm-none-eabi/12.3.1/../../../../arm-none-eabi/lib/thumb/v7e-m+dp/hard\libc_nano.a(libc_a-stdio.o)
                0x0800f0be                __swrite
 .text.__sseek  0x0800f0f6       0x24 C:/ST/STM32CubeIDE_1.16.1/STM32CubeIDE/plugins/com.st.stm32cube.ide.mcu.externaltools.gnu-tools-for-stm32.12.3.rel1.win32_1.0.200.202406191623/tools/bin/../lib/gcc/arm-none-eabi/12.3.1/../../../../arm-none-eabi/lib/thumb/v7e-m+dp/hard\libc_nano.a(libc_a-stdio.o)
                0x0800f0f6                __sseek
 .text.__sclose
                0x0800f11a        0x8 C:/ST/STM32CubeIDE_1.16.1/STM32CubeIDE/plugins/com.st.stm32cube.ide.mcu.externaltools.gnu-tools-for-stm32.12.3.rel1.win32_1.0.200.202406191623/tools/bin/../lib/gcc/arm-none-eabi/12.3.1/../../../../arm-none-eabi/lib/thumb/v7e-m+dp/hard\libc_nano.a(libc_a-stdio.o)
                0x0800f11a                __sclose
 .text.memset   0x0800f122       0x10 C:/ST/STM32CubeIDE_1.16.1/STM32CubeIDE/plugins/com.st.stm32cube.ide.mcu.externaltools.gnu-tools-for-stm32.12.3.rel1.win32_1.0.200.202406191623/tools/bin/../lib/gcc/arm-none-eabi/12.3.1/../../../../arm-none-eabi/lib/thumb/v7e-m+dp/hard\libc_nano.a(libc_a-memset.o)
                0x0800f122                memset
 *fill*         0x0800f132        0x2 
 .text._localeconv_r
                0x0800f134        0x8 C:/ST/STM32CubeIDE_1.16.1/STM32CubeIDE/plugins/com.st.stm32cube.ide.mcu.externaltools.gnu-tools-for-stm32.12.3.rel1.win32_1.0.200.202406191623/tools/bin/../lib/gcc/arm-none-eabi/12.3.1/../../../../arm-none-eabi/lib/thumb/v7e-m+dp/hard\libc_nano.a(libc_a-localeconv.o)
                0x0800f134                _localeconv_r
 .text._close_r
                0x0800f13c       0x20 C:/ST/STM32CubeIDE_1.16.1/STM32CubeIDE/plugins/com.st.stm32cube.ide.mcu.externaltools.gnu-tools-for-stm32.12.3.rel1.win32_1.0.200.202406191623/tools/bin/../lib/gcc/arm-none-eabi/12.3.1/../../../../arm-none-eabi/lib/thumb/v7e-m+dp/hard\libc_nano.a(libc_a-closer.o)
                0x0800f13c                _close_r
 .text._lseek_r
                0x0800f15c       0x24 C:/ST/STM32CubeIDE_1.16.1/STM32CubeIDE/plugins/com.st.stm32cube.ide.mcu.externaltools.gnu-tools-for-stm32.12.3.rel1.win32_1.0.200.202406191623/tools/bin/../lib/gcc/arm-none-eabi/12.3.1/../../../../arm-none-eabi/lib/thumb/v7e-m+dp/hard\libc_nano.a(libc_a-lseekr.o)
                0x0800f15c                _lseek_r
 .text._read_r  0x0800f180       0x24 C:/ST/STM32CubeIDE_1.16.1/STM32CubeIDE/plugins/com.st.stm32cube.ide.mcu.externaltools.gnu-tools-for-stm32.12.3.rel1.win32_1.0.200.202406191623/tools/bin/../lib/gcc/arm-none-eabi/12.3.1/../../../../arm-none-eabi/lib/thumb/v7e-m+dp/hard\libc_nano.a(libc_a-readr.o)
                0x0800f180                _read_r
 .text._write_r
                0x0800f1a4       0x24 C:/ST/STM32CubeIDE_1.16.1/STM32CubeIDE/plugins/com.st.stm32cube.ide.mcu.externaltools.gnu-tools-for-stm32.12.3.rel1.win32_1.0.200.202406191623/tools/bin/../lib/gcc/arm-none-eabi/12.3.1/../../../../arm-none-eabi/lib/thumb/v7e-m+dp/hard\libc_nano.a(libc_a-writer.o)
                0x0800f1a4                _write_r
 .text.__errno  0x0800f1c8        0xc C:/ST/STM32CubeIDE_1.16.1/STM32CubeIDE/plugins/com.st.stm32cube.ide.mcu.externaltools.gnu-tools-for-stm32.12.3.rel1.win32_1.0.200.202406191623/tools/bin/../lib/gcc/arm-none-eabi/12.3.1/../../../../arm-none-eabi/lib/thumb/v7e-m+dp/hard\libc_nano.a(libc_a-errno.o)
                0x0800f1c8                __errno
 .text.__libc_init_array
                0x0800f1d4       0x48 C:/ST/STM32CubeIDE_1.16.1/STM32CubeIDE/plugins/com.st.stm32cube.ide.mcu.externaltools.gnu-tools-for-stm32.12.3.rel1.win32_1.0.200.202406191623/tools/bin/../lib/gcc/arm-none-eabi/12.3.1/../../../../arm-none-eabi/lib/thumb/v7e-m+dp/hard\libc_nano.a(libc_a-init.o)
                0x0800f1d4                __libc_init_array
 .text.__retarget_lock_init_recursive
                0x0800f21c        0x2 C:/ST/STM32CubeIDE_1.16.1/STM32CubeIDE/plugins/com.st.stm32cube.ide.mcu.externaltools.gnu-tools-for-stm32.12.3.rel1.win32_1.0.200.202406191623/tools/bin/../lib/gcc/arm-none-eabi/12.3.1/../../../../arm-none-eabi/lib/thumb/v7e-m+dp/hard\libc_nano.a(libc_a-lock.o)
                0x0800f21c                __retarget_lock_init_recursive
 .text.__retarget_lock_acquire_recursive
                0x0800f21e        0x2 C:/ST/STM32CubeIDE_1.16.1/STM32CubeIDE/plugins/com.st.stm32cube.ide.mcu.externaltools.gnu-tools-for-stm32.12.3.rel1.win32_1.0.200.202406191623/tools/bin/../lib/gcc/arm-none-eabi/12.3.1/../../../../arm-none-eabi/lib/thumb/v7e-m+dp/hard\libc_nano.a(libc_a-lock.o)
                0x0800f21e                __retarget_lock_acquire_recursive
 .text.__retarget_lock_release_recursive
                0x0800f220        0x2 C:/ST/STM32CubeIDE_1.16.1/STM32CubeIDE/plugins/com.st.stm32cube.ide.mcu.externaltools.gnu-tools-for-stm32.12.3.rel1.win32_1.0.200.202406191623/tools/bin/../lib/gcc/arm-none-eabi/12.3.1/../../../../arm-none-eabi/lib/thumb/v7e-m+dp/hard\libc_nano.a(libc_a-lock.o)
                0x0800f220                __retarget_lock_release_recursive
 .text.memcpy   0x0800f222       0x1c C:/ST/STM32CubeIDE_1.16.1/STM32CubeIDE/plugins/com.st.stm32cube.ide.mcu.externaltools.gnu-tools-for-stm32.12.3.rel1.win32_1.0.200.202406191623/tools/bin/../lib/gcc/arm-none-eabi/12.3.1/../../../../arm-none-eabi/lib/thumb/v7e-m+dp/hard\libc_nano.a(libc_a-memcpy-stub.o)
                0x0800f222                memcpy
 .text.quorem   0x0800f23e      0x110 C:/ST/STM32CubeIDE_1.16.1/STM32CubeIDE/plugins/com.st.stm32cube.ide.mcu.externaltools.gnu-tools-for-stm32.12.3.rel1.win32_1.0.200.202406191623/tools/bin/../lib/gcc/arm-none-eabi/12.3.1/../../../../arm-none-eabi/lib/thumb/v7e-m+dp/hard\libc_nano.a(libc_a-dtoa.o)
 *fill*         0x0800f34e        0x2 
 .text._dtoa_r  0x0800f350      0xaac C:/ST/STM32CubeIDE_1.16.1/STM32CubeIDE/plugins/com.st.stm32cube.ide.mcu.externaltools.gnu-tools-for-stm32.12.3.rel1.win32_1.0.200.202406191623/tools/bin/../lib/gcc/arm-none-eabi/12.3.1/../../../../arm-none-eabi/lib/thumb/v7e-m+dp/hard\libc_nano.a(libc_a-dtoa.o)
                0x0800f350                _dtoa_r
 .text._free_r  0x0800fdfc       0x94 C:/ST/STM32CubeIDE_1.16.1/STM32CubeIDE/plugins/com.st.stm32cube.ide.mcu.externaltools.gnu-tools-for-stm32.12.3.rel1.win32_1.0.200.202406191623/tools/bin/../lib/gcc/arm-none-eabi/12.3.1/../../../../arm-none-eabi/lib/thumb/v7e-m+dp/hard\libc_nano.a(libc_a-freer.o)
                0x0800fdfc                _free_r
 .text.malloc   0x0800fe90       0x10 C:/ST/STM32CubeIDE_1.16.1/STM32CubeIDE/plugins/com.st.stm32cube.ide.mcu.externaltools.gnu-tools-for-stm32.12.3.rel1.win32_1.0.200.202406191623/tools/bin/../lib/gcc/arm-none-eabi/12.3.1/../../../../arm-none-eabi/lib/thumb/v7e-m+dp/hard\libc_nano.a(libc_a-malloc.o)
                0x0800fe90                malloc
 .text.sbrk_aligned
                0x0800fea0       0x44 C:/ST/STM32CubeIDE_1.16.1/STM32CubeIDE/plugins/com.st.stm32cube.ide.mcu.externaltools.gnu-tools-for-stm32.12.3.rel1.win32_1.0.200.202406191623/tools/bin/../lib/gcc/arm-none-eabi/12.3.1/../../../../arm-none-eabi/lib/thumb/v7e-m+dp/hard\libc_nano.a(libc_a-mallocr.o)
 .text._malloc_r
                0x0800fee4      0x100 C:/ST/STM32CubeIDE_1.16.1/STM32CubeIDE/plugins/com.st.stm32cube.ide.mcu.externaltools.gnu-tools-for-stm32.12.3.rel1.win32_1.0.200.202406191623/tools/bin/../lib/gcc/arm-none-eabi/12.3.1/../../../../arm-none-eabi/lib/thumb/v7e-m+dp/hard\libc_nano.a(libc_a-mallocr.o)
                0x0800fee4                _malloc_r
 .text.__malloc_lock
                0x0800ffe4        0xc C:/ST/STM32CubeIDE_1.16.1/STM32CubeIDE/plugins/com.st.stm32cube.ide.mcu.externaltools.gnu-tools-for-stm32.12.3.rel1.win32_1.0.200.202406191623/tools/bin/../lib/gcc/arm-none-eabi/12.3.1/../../../../arm-none-eabi/lib/thumb/v7e-m+dp/hard\libc_nano.a(libc_a-mlock.o)
                0x0800ffe4                __malloc_lock
 .text.__malloc_unlock
                0x0800fff0        0xc C:/ST/STM32CubeIDE_1.16.1/STM32CubeIDE/plugins/com.st.stm32cube.ide.mcu.externaltools.gnu-tools-for-stm32.12.3.rel1.win32_1.0.200.202406191623/tools/bin/../lib/gcc/arm-none-eabi/12.3.1/../../../../arm-none-eabi/lib/thumb/v7e-m+dp/hard\libc_nano.a(libc_a-mlock.o)
                0x0800fff0                __malloc_unlock
 .text._Balloc  0x0800fffc       0x80 C:/ST/STM32CubeIDE_1.16.1/STM32CubeIDE/plugins/com.st.stm32cube.ide.mcu.externaltools.gnu-tools-for-stm32.12.3.rel1.win32_1.0.200.202406191623/tools/bin/../lib/gcc/arm-none-eabi/12.3.1/../../../../arm-none-eabi/lib/thumb/v7e-m+dp/hard\libc_nano.a(libc_a-mprec.o)
                0x0800fffc                _Balloc
 .text._Bfree   0x0801007c       0x44 C:/ST/STM32CubeIDE_1.16.1/STM32CubeIDE/plugins/com.st.stm32cube.ide.mcu.externaltools.gnu-tools-for-stm32.12.3.rel1.win32_1.0.200.202406191623/tools/bin/../lib/gcc/arm-none-eabi/12.3.1/../../../../arm-none-eabi/lib/thumb/v7e-m+dp/hard\libc_nano.a(libc_a-mprec.o)
                0x0801007c                _Bfree
 .text.__multadd
                0x080100c0       0x8c C:/ST/STM32CubeIDE_1.16.1/STM32CubeIDE/plugins/com.st.stm32cube.ide.mcu.externaltools.gnu-tools-for-stm32.12.3.rel1.win32_1.0.200.202406191623/tools/bin/../lib/gcc/arm-none-eabi/12.3.1/../../../../arm-none-eabi/lib/thumb/v7e-m+dp/hard\libc_nano.a(libc_a-mprec.o)
                0x080100c0                __multadd
 .text.__hi0bits
                0x0801014c       0x3e C:/ST/STM32CubeIDE_1.16.1/STM32CubeIDE/plugins/com.st.stm32cube.ide.mcu.externaltools.gnu-tools-for-stm32.12.3.rel1.win32_1.0.200.202406191623/tools/bin/../lib/gcc/arm-none-eabi/12.3.1/../../../../arm-none-eabi/lib/thumb/v7e-m+dp/hard\libc_nano.a(libc_a-mprec.o)
                0x0801014c                __hi0bits
 .text.__lo0bits
                0x0801018a       0x5a C:/ST/STM32CubeIDE_1.16.1/STM32CubeIDE/plugins/com.st.stm32cube.ide.mcu.externaltools.gnu-tools-for-stm32.12.3.rel1.win32_1.0.200.202406191623/tools/bin/../lib/gcc/arm-none-eabi/12.3.1/../../../../arm-none-eabi/lib/thumb/v7e-m+dp/hard\libc_nano.a(libc_a-mprec.o)
                0x0801018a                __lo0bits
 .text.__i2b    0x080101e4       0x2c C:/ST/STM32CubeIDE_1.16.1/STM32CubeIDE/plugins/com.st.stm32cube.ide.mcu.externaltools.gnu-tools-for-stm32.12.3.rel1.win32_1.0.200.202406191623/tools/bin/../lib/gcc/arm-none-eabi/12.3.1/../../../../arm-none-eabi/lib/thumb/v7e-m+dp/hard\libc_nano.a(libc_a-mprec.o)
                0x080101e4                __i2b
 .text.__multiply
                0x08010210      0x154 C:/ST/STM32CubeIDE_1.16.1/STM32CubeIDE/plugins/com.st.stm32cube.ide.mcu.externaltools.gnu-tools-for-stm32.12.3.rel1.win32_1.0.200.202406191623/tools/bin/../lib/gcc/arm-none-eabi/12.3.1/../../../../arm-none-eabi/lib/thumb/v7e-m+dp/hard\libc_nano.a(libc_a-mprec.o)
                0x08010210                __multiply
 .text.__pow5mult
                0x08010364       0xb4 C:/ST/STM32CubeIDE_1.16.1/STM32CubeIDE/plugins/com.st.stm32cube.ide.mcu.externaltools.gnu-tools-for-stm32.12.3.rel1.win32_1.0.200.202406191623/tools/bin/../lib/gcc/arm-none-eabi/12.3.1/../../../../arm-none-eabi/lib/thumb/v7e-m+dp/hard\libc_nano.a(libc_a-mprec.o)
                0x08010364                __pow5mult
 .text.__lshift
                0x08010418       0xd8 C:/ST/STM32CubeIDE_1.16.1/STM32CubeIDE/plugins/com.st.stm32cube.ide.mcu.externaltools.gnu-tools-for-stm32.12.3.rel1.win32_1.0.200.202406191623/tools/bin/../lib/gcc/arm-none-eabi/12.3.1/../../../../arm-none-eabi/lib/thumb/v7e-m+dp/hard\libc_nano.a(libc_a-mprec.o)
                0x08010418                __lshift
 .text.__mcmp   0x080104f0       0x36 C:/ST/STM32CubeIDE_1.16.1/STM32CubeIDE/plugins/com.st.stm32cube.ide.mcu.externaltools.gnu-tools-for-stm32.12.3.rel1.win32_1.0.200.202406191623/tools/bin/../lib/gcc/arm-none-eabi/12.3.1/../../../../arm-none-eabi/lib/thumb/v7e-m+dp/hard\libc_nano.a(libc_a-mprec.o)
                0x080104f0                __mcmp
 *fill*         0x08010526        0x2 
 .text.__mdiff  0x08010528      0x128 C:/ST/STM32CubeIDE_1.16.1/STM32CubeIDE/plugins/com.st.stm32cube.ide.mcu.externaltools.gnu-tools-for-stm32.12.3.rel1.win32_1.0.200.202406191623/tools/bin/../lib/gcc/arm-none-eabi/12.3.1/../../../../arm-none-eabi/lib/thumb/v7e-m+dp/hard\libc_nano.a(libc_a-mprec.o)
                0x08010528                __mdiff
 .text.__d2b    0x08010650       0xb0 C:/ST/STM32CubeIDE_1.16.1/STM32CubeIDE/plugins/com.st.stm32cube.ide.mcu.externaltools.gnu-tools-for-stm32.12.3.rel1.win32_1.0.200.202406191623/tools/bin/../lib/gcc/arm-none-eabi/12.3.1/../../../../arm-none-eabi/lib/thumb/v7e-m+dp/hard\libc_nano.a(libc_a-mprec.o)
                0x08010650                __d2b
 .text.__sflush_r
                0x08010700      0x108 C:/ST/STM32CubeIDE_1.16.1/STM32CubeIDE/plugins/com.st.stm32cube.ide.mcu.externaltools.gnu-tools-for-stm32.12.3.rel1.win32_1.0.200.202406191623/tools/bin/../lib/gcc/arm-none-eabi/12.3.1/../../../../arm-none-eabi/lib/thumb/v7e-m+dp/hard\libc_nano.a(libc_a-fflush.o)
                0x08010700                __sflush_r
 .text._fflush_r
                0x08010808       0x50 C:/ST/STM32CubeIDE_1.16.1/STM32CubeIDE/plugins/com.st.stm32cube.ide.mcu.externaltools.gnu-tools-for-stm32.12.3.rel1.win32_1.0.200.202406191623/tools/bin/../lib/gcc/arm-none-eabi/12.3.1/../../../../arm-none-eabi/lib/thumb/v7e-m+dp/hard\libc_nano.a(libc_a-fflush.o)
                0x08010808                _fflush_r
 .text._sbrk_r  0x08010858       0x20 C:/ST/STM32CubeIDE_1.16.1/STM32CubeIDE/plugins/com.st.stm32cube.ide.mcu.externaltools.gnu-tools-for-stm32.12.3.rel1.win32_1.0.200.202406191623/tools/bin/../lib/gcc/arm-none-eabi/12.3.1/../../../../arm-none-eabi/lib/thumb/v7e-m+dp/hard\libc_nano.a(libc_a-sbrkr.o)
                0x08010858                _sbrk_r
 .text.__assert_func
                0x08010878       0x3c C:/ST/STM32CubeIDE_1.16.1/STM32CubeIDE/plugins/com.st.stm32cube.ide.mcu.externaltools.gnu-tools-for-stm32.12.3.rel1.win32_1.0.200.202406191623/tools/bin/../lib/gcc/arm-none-eabi/12.3.1/../../../../arm-none-eabi/lib/thumb/v7e-m+dp/hard\libc_nano.a(libc_a-assert.o)
                0x08010878                __assert_func
 .text._calloc_r
                0x080108b4       0x28 C:/ST/STM32CubeIDE_1.16.1/STM32CubeIDE/plugins/com.st.stm32cube.ide.mcu.externaltools.gnu-tools-for-stm32.12.3.rel1.win32_1.0.200.202406191623/tools/bin/../lib/gcc/arm-none-eabi/12.3.1/../../../../arm-none-eabi/lib/thumb/v7e-m+dp/hard\libc_nano.a(libc_a-callocr.o)
                0x080108b4                _calloc_r
 .text.__ascii_mbtowc
                0x080108dc       0x24 C:/ST/STM32CubeIDE_1.16.1/STM32CubeIDE/plugins/com.st.stm32cube.ide.mcu.externaltools.gnu-tools-for-stm32.12.3.rel1.win32_1.0.200.202406191623/tools/bin/../lib/gcc/arm-none-eabi/12.3.1/../../../../arm-none-eabi/lib/thumb/v7e-m+dp/hard\libc_nano.a(libc_a-mbtowc_r.o)
                0x080108dc                __ascii_mbtowc
 .text.__ascii_wctomb
                0x08010900       0x1a C:/ST/STM32CubeIDE_1.16.1/STM32CubeIDE/plugins/com.st.stm32cube.ide.mcu.externaltools.gnu-tools-for-stm32.12.3.rel1.win32_1.0.200.202406191623/tools/bin/../lib/gcc/arm-none-eabi/12.3.1/../../../../arm-none-eabi/lib/thumb/v7e-m+dp/hard\libc_nano.a(libc_a-wctomb_r.o)
                0x08010900                __ascii_wctomb
 *fill*         0x0801091a        0x2 
 .text.fprintf  0x0801091c       0x24 C:/ST/STM32CubeIDE_1.16.1/STM32CubeIDE/plugins/com.st.stm32cube.ide.mcu.externaltools.gnu-tools-for-stm32.12.3.rel1.win32_1.0.200.202406191623/tools/bin/../lib/gcc/arm-none-eabi/12.3.1/../../../../arm-none-eabi/lib/thumb/v7e-m+dp/hard\libc_nano.a(libc_a-fprintf.o)
                0x0801091c                fiprintf
                0x0801091c                fprintf
 .text.abort    0x08010940        0xe C:/ST/STM32CubeIDE_1.16.1/STM32CubeIDE/plugins/com.st.stm32cube.ide.mcu.externaltools.gnu-tools-for-stm32.12.3.rel1.win32_1.0.200.202406191623/tools/bin/../lib/gcc/arm-none-eabi/12.3.1/../../../../arm-none-eabi/lib/thumb/v7e-m+dp/hard\libc_nano.a(libc_a-abort.o)
                0x08010940                abort
 .text.__sfputc_r
                0x0801094e       0x2e C:/ST/STM32CubeIDE_1.16.1/STM32CubeIDE/plugins/com.st.stm32cube.ide.mcu.externaltools.gnu-tools-for-stm32.12.3.rel1.win32_1.0.200.202406191623/tools/bin/../lib/gcc/arm-none-eabi/12.3.1/../../../../arm-none-eabi/lib/thumb/v7e-m+dp/hard\libc_nano.a(libc_a-nano-vfprintf.o)
 .text.__sfputs_r
                0x0801097c       0x24 C:/ST/STM32CubeIDE_1.16.1/STM32CubeIDE/plugins/com.st.stm32cube.ide.mcu.externaltools.gnu-tools-for-stm32.12.3.rel1.win32_1.0.200.202406191623/tools/bin/../lib/gcc/arm-none-eabi/12.3.1/../../../../arm-none-eabi/lib/thumb/v7e-m+dp/hard\libc_nano.a(libc_a-nano-vfprintf.o)
                0x0801097c                __sfputs_r
 .text._vfprintf_r
                0x080109a0      0x230 C:/ST/STM32CubeIDE_1.16.1/STM32CubeIDE/plugins/com.st.stm32cube.ide.mcu.externaltools.gnu-tools-for-stm32.12.3.rel1.win32_1.0.200.202406191623/tools/bin/../lib/gcc/arm-none-eabi/12.3.1/../../../../arm-none-eabi/lib/thumb/v7e-m+dp/hard\libc_nano.a(libc_a-nano-vfprintf.o)
                0x080109a0                _vfprintf_r
                0x080109a0                _vfiprintf_r
 .text.__swbuf_r
                0x08010bd0       0x7c C:/ST/STM32CubeIDE_1.16.1/STM32CubeIDE/plugins/com.st.stm32cube.ide.mcu.externaltools.gnu-tools-for-stm32.12.3.rel1.win32_1.0.200.202406191623/tools/bin/../lib/gcc/arm-none-eabi/12.3.1/../../../../arm-none-eabi/lib/thumb/v7e-m+dp/hard\libc_nano.a(libc_a-wbuf.o)
                0x08010bd0                __swbuf_r
 .text.__swsetup_r
                0x08010c4c       0xac C:/ST/STM32CubeIDE_1.16.1/STM32CubeIDE/plugins/com.st.stm32cube.ide.mcu.externaltools.gnu-tools-for-stm32.12.3.rel1.win32_1.0.200.202406191623/tools/bin/../lib/gcc/arm-none-eabi/12.3.1/../../../../arm-none-eabi/lib/thumb/v7e-m+dp/hard\libc_nano.a(libc_a-wsetup.o)
                0x08010c4c                __swsetup_r
 .text._raise_r
                0x08010cf8       0x50 C:/ST/STM32CubeIDE_1.16.1/STM32CubeIDE/plugins/com.st.stm32cube.ide.mcu.externaltools.gnu-tools-for-stm32.12.3.rel1.win32_1.0.200.202406191623/tools/bin/../lib/gcc/arm-none-eabi/12.3.1/../../../../arm-none-eabi/lib/thumb/v7e-m+dp/hard\libc_nano.a(libc_a-signal.o)
                0x08010cf8                _raise_r
 .text.raise    0x08010d48       0x10 C:/ST/STM32CubeIDE_1.16.1/STM32CubeIDE/plugins/com.st.stm32cube.ide.mcu.externaltools.gnu-tools-for-stm32.12.3.rel1.win32_1.0.200.202406191623/tools/bin/../lib/gcc/arm-none-eabi/12.3.1/../../../../arm-none-eabi/lib/thumb/v7e-m+dp/hard\libc_nano.a(libc_a-signal.o)
                0x08010d48                raise
 .text._kill_r  0x08010d58       0x24 C:/ST/STM32CubeIDE_1.16.1/STM32CubeIDE/plugins/com.st.stm32cube.ide.mcu.externaltools.gnu-tools-for-stm32.12.3.rel1.win32_1.0.200.202406191623/tools/bin/../lib/gcc/arm-none-eabi/12.3.1/../../../../arm-none-eabi/lib/thumb/v7e-m+dp/hard\libc_nano.a(libc_a-signalr.o)
                0x08010d58                _kill_r
 .text._getpid_r
                0x08010d7c        0x4 C:/ST/STM32CubeIDE_1.16.1/STM32CubeIDE/plugins/com.st.stm32cube.ide.mcu.externaltools.gnu-tools-for-stm32.12.3.rel1.win32_1.0.200.202406191623/tools/bin/../lib/gcc/arm-none-eabi/12.3.1/../../../../arm-none-eabi/lib/thumb/v7e-m+dp/hard\libc_nano.a(libc_a-signalr.o)
                0x08010d7c                _getpid_r
 .text.__swhatbuf_r
                0x08010d80       0x4c C:/ST/STM32CubeIDE_1.16.1/STM32CubeIDE/plugins/com.st.stm32cube.ide.mcu.externaltools.gnu-tools-for-stm32.12.3.rel1.win32_1.0.200.202406191623/tools/bin/../lib/gcc/arm-none-eabi/12.3.1/../../../../arm-none-eabi/lib/thumb/v7e-m+dp/hard\libc_nano.a(libc_a-makebuf.o)
                0x08010d80                __swhatbuf_r
 .text.__smakebuf_r
                0x08010dcc       0x78 C:/ST/STM32CubeIDE_1.16.1/STM32CubeIDE/plugins/com.st.stm32cube.ide.mcu.externaltools.gnu-tools-for-stm32.12.3.rel1.win32_1.0.200.202406191623/tools/bin/../lib/gcc/arm-none-eabi/12.3.1/../../../../arm-none-eabi/lib/thumb/v7e-m+dp/hard\libc_nano.a(libc_a-makebuf.o)
                0x08010dcc                __smakebuf_r
 .text._fstat_r
                0x08010e44       0x24 C:/ST/STM32CubeIDE_1.16.1/STM32CubeIDE/plugins/com.st.stm32cube.ide.mcu.externaltools.gnu-tools-for-stm32.12.3.rel1.win32_1.0.200.202406191623/tools/bin/../lib/gcc/arm-none-eabi/12.3.1/../../../../arm-none-eabi/lib/thumb/v7e-m+dp/hard\libc_nano.a(libc_a-fstatr.o)
                0x08010e44                _fstat_r
 .text._isatty_r
                0x08010e68       0x20 C:/ST/STM32CubeIDE_1.16.1/STM32CubeIDE/plugins/com.st.stm32cube.ide.mcu.externaltools.gnu-tools-for-stm32.12.3.rel1.win32_1.0.200.202406191623/tools/bin/../lib/gcc/arm-none-eabi/12.3.1/../../../../arm-none-eabi/lib/thumb/v7e-m+dp/hard\libc_nano.a(libc_a-isattyr.o)
                0x08010e68                _isatty_r
 *(.glue_7)
 .glue_7        0x08010e88        0x0 linker stubs
 *(.glue_7t)
 .glue_7t       0x08010e88        0x0 linker stubs
 *(.eh_frame)
 .eh_frame      0x08010e88        0x0 C:/ST/STM32CubeIDE_1.16.1/STM32CubeIDE/plugins/com.st.stm32cube.ide.mcu.externaltools.gnu-tools-for-stm32.12.3.rel1.win32_1.0.200.202406191623/tools/bin/../lib/gcc/arm-none-eabi/12.3.1/thumb/v7e-m+dp/hard/crtbegin.o
 *(.init)
 .init          0x08010e88        0x4 C:/ST/STM32CubeIDE_1.16.1/STM32CubeIDE/plugins/com.st.stm32cube.ide.mcu.externaltools.gnu-tools-for-stm32.12.3.rel1.win32_1.0.200.202406191623/tools/bin/../lib/gcc/arm-none-eabi/12.3.1/thumb/v7e-m+dp/hard/crti.o
                0x08010e88                _init
 .init          0x08010e8c        0x8 C:/ST/STM32CubeIDE_1.16.1/STM32CubeIDE/plugins/com.st.stm32cube.ide.mcu.externaltools.gnu-tools-for-stm32.12.3.rel1.win32_1.0.200.202406191623/tools/bin/../lib/gcc/arm-none-eabi/12.3.1/thumb/v7e-m+dp/hard/crtn.o
 *(.fini)
 .fini          0x08010e94        0x4 C:/ST/STM32CubeIDE_1.16.1/STM32CubeIDE/plugins/com.st.stm32cube.ide.mcu.externaltools.gnu-tools-for-stm32.12.3.rel1.win32_1.0.200.202406191623/tools/bin/../lib/gcc/arm-none-eabi/12.3.1/thumb/v7e-m+dp/hard/crti.o
                0x08010e94                _fini
 .fini          0x08010e98        0x8 C:/ST/STM32CubeIDE_1.16.1/STM32CubeIDE/plugins/com.st.stm32cube.ide.mcu.externaltools.gnu-tools-for-stm32.12.3.rel1.win32_1.0.200.202406191623/tools/bin/../lib/gcc/arm-none-eabi/12.3.1/thumb/v7e-m+dp/hard/crtn.o
                0x08010ea0                        . = ALIGN (0x4)
                0x08010ea0                        _etext = .

.vfp11_veneer   0x08010ea0        0x0
 .vfp11_veneer  0x08010ea0        0x0 linker stubs

.v4_bx          0x08010ea0        0x0
 .v4_bx         0x08010ea0        0x0 linker stubs

.iplt           0x08010ea0        0x0
 .iplt          0x08010ea0        0x0 C:/ST/STM32CubeIDE_1.16.1/STM32CubeIDE/plugins/com.st.stm32cube.ide.mcu.externaltools.gnu-tools-for-stm32.12.3.rel1.win32_1.0.200.202406191623/tools/bin/../lib/gcc/arm-none-eabi/12.3.1/thumb/v7e-m+dp/hard/crtbegin.o

.rodata         0x08010ea0      0x4b8
                0x08010ea0                        . = ALIGN (0x4)
 *(.rodata)
 .rodata        0x08010ea0        0x1 ./Core/Src/main.o
 *fill*         0x08010ea1        0x3 
 .rodata        0x08010ea4       0x4c ./Drivers/STM32H7xx_HAL_Driver/stm32h7xx_hal_fdcan.o
 .rodata        0x08010ef0       0x44 ./Middlewares/Third_Party/FatFs/ff.o
 *(.rodata*)
 .rodata.D1CorePrescTable
                0x08010f34       0x10 ./Common/Src/system_stm32h7xx_dualcore_boot_cm4_cm7.o
                0x08010f34                D1CorePrescTable
 .rodata.DLCtoBytes
                0x08010f44       0x10 ./Drivers/STM32H7xx_HAL_Driver/stm32h7xx_hal_fdcan.o
 .rodata.SD_Driver
                0x08010f54       0x14 ./FATFS/Target/sd_diskio.o
                0x08010f54                SD_Driver
 .rodata.ExCvt  0x08010f68       0x80 ./Middlewares/Third_Party/FatFs/ff.o
 .rodata._ctype_
                0x08010fe8      0x101 C:/ST/STM32CubeIDE_1.16.1/STM32CubeIDE/plugins/com.st.stm32cube.ide.mcu.externaltools.gnu-tools-for-stm32.12.3.rel1.win32_1.0.200.202406191623/tools/bin/../lib/gcc/arm-none-eabi/12.3.1/../../../../arm-none-eabi/lib/thumb/v7e-m+dp/hard\libc_nano.a(libc_a-ctype_.o)
                0x08010fe8                _ctype_
 .rodata._printf_float.str1.1
                0x080110e9       0x12 C:/ST/STM32CubeIDE_1.16.1/STM32CubeIDE/plugins/com.st.stm32cube.ide.mcu.externaltools.gnu-tools-for-stm32.12.3.rel1.win32_1.0.200.202406191623/tools/bin/../lib/gcc/arm-none-eabi/12.3.1/../../../../arm-none-eabi/lib/thumb/v7e-m+dp/hard\libc_nano.a(libc_a-nano-vfprintf_float.o)
 .rodata._printf_i.str1.1
                0x080110fb       0x22 C:/ST/STM32CubeIDE_1.16.1/STM32CubeIDE/plugins/com.st.stm32cube.ide.mcu.externaltools.gnu-tools-for-stm32.12.3.rel1.win32_1.0.200.202406191623/tools/bin/../lib/gcc/arm-none-eabi/12.3.1/../../../../arm-none-eabi/lib/thumb/v7e-m+dp/hard\libc_nano.a(libc_a-nano-vfprintf_i.o)
 .rodata._dtoa_r.str1.1
                0x0801111d       0x8d C:/ST/STM32CubeIDE_1.16.1/STM32CubeIDE/plugins/com.st.stm32cube.ide.mcu.externaltools.gnu-tools-for-stm32.12.3.rel1.win32_1.0.200.202406191623/tools/bin/../lib/gcc/arm-none-eabi/12.3.1/../../../../arm-none-eabi/lib/thumb/v7e-m+dp/hard\libc_nano.a(libc_a-dtoa.o)
                                 0x8f (size before relaxing)
 .rodata._Balloc.str1.1
                0x080111aa       0x59 C:/ST/STM32CubeIDE_1.16.1/STM32CubeIDE/plugins/com.st.stm32cube.ide.mcu.externaltools.gnu-tools-for-stm32.12.3.rel1.win32_1.0.200.202406191623/tools/bin/../lib/gcc/arm-none-eabi/12.3.1/../../../../arm-none-eabi/lib/thumb/v7e-m+dp/hard\libc_nano.a(libc_a-mprec.o)
                                 0x70 (size before relaxing)
 .rodata.__multadd.str1.1
                0x08011203       0x11 C:/ST/STM32CubeIDE_1.16.1/STM32CubeIDE/plugins/com.st.stm32cube.ide.mcu.externaltools.gnu-tools-for-stm32.12.3.rel1.win32_1.0.200.202406191623/tools/bin/../lib/gcc/arm-none-eabi/12.3.1/../../../../arm-none-eabi/lib/thumb/v7e-m+dp/hard\libc_nano.a(libc_a-mprec.o)
 *fill*         0x08011203        0x1 
 .rodata.p05.0  0x08011204        0xc C:/ST/STM32CubeIDE_1.16.1/STM32CubeIDE/plugins/com.st.stm32cube.ide.mcu.externaltools.gnu-tools-for-stm32.12.3.rel1.win32_1.0.200.202406191623/tools/bin/../lib/gcc/arm-none-eabi/12.3.1/../../../../arm-none-eabi/lib/thumb/v7e-m+dp/hard\libc_nano.a(libc_a-mprec.o)
 .rodata.__mprec_bigtens
                0x08011210       0x28 C:/ST/STM32CubeIDE_1.16.1/STM32CubeIDE/plugins/com.st.stm32cube.ide.mcu.externaltools.gnu-tools-for-stm32.12.3.rel1.win32_1.0.200.202406191623/tools/bin/../lib/gcc/arm-none-eabi/12.3.1/../../../../arm-none-eabi/lib/thumb/v7e-m+dp/hard\libc_nano.a(libc_a-mprec.o)
                0x08011210                __mprec_bigtens
 .rodata.__mprec_tens
                0x08011238       0xc8 C:/ST/STM32CubeIDE_1.16.1/STM32CubeIDE/plugins/com.st.stm32cube.ide.mcu.externaltools.gnu-tools-for-stm32.12.3.rel1.win32_1.0.200.202406191623/tools/bin/../lib/gcc/arm-none-eabi/12.3.1/../../../../arm-none-eabi/lib/thumb/v7e-m+dp/hard\libc_nano.a(libc_a-mprec.o)
                0x08011238                __mprec_tens
 .rodata._setlocale_r.str1.1
                0x08011300        0x8 C:/ST/STM32CubeIDE_1.16.1/STM32CubeIDE/plugins/com.st.stm32cube.ide.mcu.externaltools.gnu-tools-for-stm32.12.3.rel1.win32_1.0.200.202406191623/tools/bin/../lib/gcc/arm-none-eabi/12.3.1/../../../../arm-none-eabi/lib/thumb/v7e-m+dp/hard\libc_nano.a(libc_a-locale.o)
                                  0x9 (size before relaxing)
 .rodata.str1.1
                0x08011308        0x2 C:/ST/STM32CubeIDE_1.16.1/STM32CubeIDE/plugins/com.st.stm32cube.ide.mcu.externaltools.gnu-tools-for-stm32.12.3.rel1.win32_1.0.200.202406191623/tools/bin/../lib/gcc/arm-none-eabi/12.3.1/../../../../arm-none-eabi/lib/thumb/v7e-m+dp/hard\libc_nano.a(libc_a-locale.o)
 .rodata.__assert_func.str1.1
                0x0801130a       0x3c C:/ST/STM32CubeIDE_1.16.1/STM32CubeIDE/plugins/com.st.stm32cube.ide.mcu.externaltools.gnu-tools-for-stm32.12.3.rel1.win32_1.0.200.202406191623/tools/bin/../lib/gcc/arm-none-eabi/12.3.1/../../../../arm-none-eabi/lib/thumb/v7e-m+dp/hard\libc_nano.a(libc_a-assert.o)
                                 0x3d (size before relaxing)
 .rodata._vfprintf_r.str1.1
                0x08011346       0x11 C:/ST/STM32CubeIDE_1.16.1/STM32CubeIDE/plugins/com.st.stm32cube.ide.mcu.externaltools.gnu-tools-for-stm32.12.3.rel1.win32_1.0.200.202406191623/tools/bin/../lib/gcc/arm-none-eabi/12.3.1/../../../../arm-none-eabi/lib/thumb/v7e-m+dp/hard\libc_nano.a(libc_a-nano-vfprintf.o)
                0x08011358                        . = ALIGN (0x4)
 *fill*         0x08011357        0x1 

.ARM.extab      0x08011358        0x0
                0x08011358                        . = ALIGN (0x4)
 *(.ARM.extab* .gnu.linkonce.armextab.*)
                0x08011358                        . = ALIGN (0x4)

.ARM            0x08011358        0x8
                0x08011358                        . = ALIGN (0x4)
                0x08011358                        __exidx_start = .
 *(.ARM.exidx*)
 .ARM.exidx     0x08011358        0x8 C:/ST/STM32CubeIDE_1.16.1/STM32CubeIDE/plugins/com.st.stm32cube.ide.mcu.externaltools.gnu-tools-for-stm32.12.3.rel1.win32_1.0.200.202406191623/tools/bin/../lib/gcc/arm-none-eabi/12.3.1/../../../../arm-none-eabi/lib/thumb/v7e-m+dp/hard\libc_nano.a(libc_a-memchr.o)
 .ARM.exidx     0x08011360        0x0 C:/ST/STM32CubeIDE_1.16.1/STM32CubeIDE/plugins/com.st.stm32cube.ide.mcu.externaltools.gnu-tools-for-stm32.12.3.rel1.win32_1.0.200.202406191623/tools/bin/../lib/gcc/arm-none-eabi/12.3.1/../../../../arm-none-eabi/lib/thumb/v7e-m+dp/hard\libc_nano.a(libc_a-strlen.o)
                                  0x8 (size before relaxing)
                0x08011360                        __exidx_end = .
                0x08011360                        . = ALIGN (0x4)

.rel.dyn        0x08011360        0x0
 .rel.iplt      0x08011360        0x0 C:/ST/STM32CubeIDE_1.16.1/STM32CubeIDE/plugins/com.st.stm32cube.ide.mcu.externaltools.gnu-tools-for-stm32.12.3.rel1.win32_1.0.200.202406191623/tools/bin/../lib/gcc/arm-none-eabi/12.3.1/thumb/v7e-m+dp/hard/crtbegin.o

.preinit_array  0x08011360        0x0
                0x08011360                        . = ALIGN (0x4)
                0x08011360                        PROVIDE (__preinit_array_start = .)
 *(.preinit_array*)
                0x08011360                        PROVIDE (__preinit_array_end = .)
                0x08011360                        . = ALIGN (0x4)

.init_array     0x08011360        0x4
                0x08011360                        . = ALIGN (0x4)
                0x08011360                        PROVIDE (__init_array_start = .)
 *(SORT_BY_NAME(.init_array.*))
 *(.init_array*)
 .init_array    0x08011360        0x4 C:/ST/STM32CubeIDE_1.16.1/STM32CubeIDE/plugins/com.st.stm32cube.ide.mcu.externaltools.gnu-tools-for-stm32.12.3.rel1.win32_1.0.200.202406191623/tools/bin/../lib/gcc/arm-none-eabi/12.3.1/thumb/v7e-m+dp/hard/crtbegin.o
                0x08011364                        PROVIDE (__init_array_end = .)
                0x08011364                        . = ALIGN (0x4)

.fini_array     0x08011364        0x4
                0x08011364                        . = ALIGN (0x4)
                [!provide]                        PROVIDE (__fini_array_start = .)
 *(SORT_BY_NAME(.fini_array.*))
 *(.fini_array*)
 .fini_array    0x08011364        0x4 C:/ST/STM32CubeIDE_1.16.1/STM32CubeIDE/plugins/com.st.stm32cube.ide.mcu.externaltools.gnu-tools-for-stm32.12.3.rel1.win32_1.0.200.202406191623/tools/bin/../lib/gcc/arm-none-eabi/12.3.1/thumb/v7e-m+dp/hard/crtbegin.o